Component: ARM Compiler 5.06 update 6 (build 750) Tool: armlink [4d35ed]

==============================================================================

Section Cross References

    startup_stm32f427xx.o(RESET) refers to startup_stm32f427xx.o(STACK) for __initial_sp
    startup_stm32f427xx.o(RESET) refers to startup_stm32f427xx.o(.text) for Reset_Handler
    startup_stm32f427xx.o(RESET) refers to stm32f4xx_it.o(i.NMI_Handler) for NMI_Handler
    startup_stm32f427xx.o(RESET) refers to stm32f4xx_it.o(i.HardFault_Handler) for HardFault_Handler
    startup_stm32f427xx.o(RESET) refers to stm32f4xx_it.o(i.MemManage_Handler) for MemManage_Handler
    startup_stm32f427xx.o(RESET) refers to stm32f4xx_it.o(i.BusFault_Handler) for BusFault_Handler
    startup_stm32f427xx.o(RESET) refers to stm32f4xx_it.o(i.UsageFault_Handler) for UsageFault_Handler
    startup_stm32f427xx.o(RESET) refers to stm32f4xx_it.o(i.SVC_Handler) for SVC_Handler
    startup_stm32f427xx.o(RESET) refers to stm32f4xx_it.o(i.DebugMon_Handler) for DebugMon_Handler
    startup_stm32f427xx.o(RESET) refers to stm32f4xx_it.o(i.PendSV_Handler) for PendSV_Handler
    startup_stm32f427xx.o(RESET) refers to stm32f4xx_it.o(i.SysTick_Handler) for SysTick_Handler
    startup_stm32f427xx.o(RESET) refers to stm32f4xx_it.o(i.SDIO_IRQHandler) for SDIO_IRQHandler
    startup_stm32f427xx.o(RESET) refers to stm32f4xx_it.o(i.DMA2_Stream3_IRQHandler) for DMA2_Stream3_IRQHandler
    startup_stm32f427xx.o(RESET) refers to stm32f4xx_it.o(i.DMA2_Stream6_IRQHandler) for DMA2_Stream6_IRQHandler
    startup_stm32f427xx.o(.text) refers to system_stm32f4xx.o(i.SystemInit) for SystemInit
    startup_stm32f427xx.o(.text) refers to entry.o(.ARM.Collect$$$$00000000) for __main
    main.o(i.Buffercmp) refers to printfa.o(i.__0printf) for __2printf
    main.o(i.Fatfs_RW_test) refers to printfa.o(i.__0printf) for __2printf
    main.o(i.Fatfs_RW_test) refers to ff.o(i.f_mount) for f_mount
    main.o(i.Fatfs_RW_test) refers to ff.o(i.f_open) for f_open
    main.o(i.Fatfs_RW_test) refers to stm32f4xx_hal.o(i.HAL_GetTick) for HAL_GetTick
    main.o(i.Fatfs_RW_test) refers to ff.o(i.f_write) for f_write
    main.o(i.Fatfs_RW_test) refers to dfltui.o(.text) for __aeabi_ui2d
    main.o(i.Fatfs_RW_test) refers to ddiv.o(.text) for __aeabi_ddiv
    main.o(i.Fatfs_RW_test) refers to d2f.o(.text) for __aeabi_d2f
    main.o(i.Fatfs_RW_test) refers to f2d.o(.text) for __aeabi_f2d
    main.o(i.Fatfs_RW_test) refers to ff.o(i.f_close) for f_close
    main.o(i.Fatfs_RW_test) refers to ff.o(i.f_read) for f_read
    main.o(i.Fatfs_RW_test) refers to main.o(.bss) for .bss
    main.o(i.Fatfs_RW_test) refers to fatfs.o(.data) for retSD
    main.o(i.Fatfs_RW_test) refers to main.o(.data) for .data
    main.o(i.Fatfs_RW_test) refers to main.o(.conststring) for .conststring
    main.o(i.Fatfs_RW_test2) refers to printfa.o(i.__0printf) for __2printf
    main.o(i.Fatfs_RW_test2) refers to ff.o(i.f_mount) for f_mount
    main.o(i.Fatfs_RW_test2) refers to ff.o(i.f_open) for f_open
    main.o(i.Fatfs_RW_test2) refers to printfa.o(i.__0sprintf) for __2sprintf
    main.o(i.Fatfs_RW_test2) refers to stm32f4xx_hal.o(i.HAL_GetTick) for HAL_GetTick
    main.o(i.Fatfs_RW_test2) refers to ff.o(i.f_write) for f_write
    main.o(i.Fatfs_RW_test2) refers to ff.o(i.f_lseek) for f_lseek
    main.o(i.Fatfs_RW_test2) refers to dfltui.o(.text) for __aeabi_ui2d
    main.o(i.Fatfs_RW_test2) refers to ddiv.o(.text) for __aeabi_ddiv
    main.o(i.Fatfs_RW_test2) refers to d2f.o(.text) for __aeabi_d2f
    main.o(i.Fatfs_RW_test2) refers to f2d.o(.text) for __aeabi_f2d
    main.o(i.Fatfs_RW_test2) refers to ff.o(i.f_close) for f_close
    main.o(i.Fatfs_RW_test2) refers to main.o(.constdata) for .constdata
    main.o(i.Fatfs_RW_test2) refers to main.o(.bss) for .bss
    main.o(i.Fatfs_RW_test2) refers to fatfs.o(.data) for retSD
    main.o(i.Fatfs_RW_test2) refers to main.o(.data) for .data
    main.o(i.Fatfs_RW_test2) refers to main.o(.conststring) for .conststring
    main.o(i.SD_EraseTest) refers to stm32f4xx_hal_sd.o(i.HAL_SD_Erase) for HAL_SD_Erase
    main.o(i.SD_EraseTest) refers to printfa.o(i.__0printf) for __2printf
    main.o(i.SD_EraseTest) refers to stm32f4xx_hal.o(i.HAL_Delay) for HAL_Delay
    main.o(i.SD_EraseTest) refers to stm32f4xx_hal_sd.o(i.HAL_SD_ReadBlocks) for HAL_SD_ReadBlocks
    main.o(i.SD_EraseTest) refers to main.o(i.eBuffercmp) for eBuffercmp
    main.o(i.SD_EraseTest) refers to sdio.o(.bss) for hsd
    main.o(i.SD_EraseTest) refers to main.o(.data) for .data
    main.o(i.SD_EraseTest) refers to main.o(.bss) for .bss
    main.o(i.SD_Write_Read_Test) refers to main.o(i.Fill_Buffer) for Fill_Buffer
    main.o(i.SD_Write_Read_Test) refers to stm32f4xx_hal_sd.o(i.HAL_SD_WriteBlocks_DMA) for HAL_SD_WriteBlocks_DMA
    main.o(i.SD_Write_Read_Test) refers to printfa.o(i.__0printf) for __2printf
    main.o(i.SD_Write_Read_Test) refers to stm32f4xx_hal.o(i.HAL_Delay) for HAL_Delay
[...]
    i.HAL_InitTick                           0x08001570   Section        0  stm32f4xx_hal.o(i.HAL_InitTick)
    i.HAL_MspInit                            0x080015b0   Section        0  stm32f4xx_hal_msp.o(i.HAL_MspInit)
    i.HAL_NVIC_EnableIRQ                     0x080015e0   Section        0  stm32f4xx_hal_cortex.o(i.HAL_NVIC_EnableIRQ)
    i.HAL_NVIC_SetPriority                   0x080015fc   Section        0  stm32f4xx_hal_cortex.o(i.HAL_NVIC_SetPriority)
    i.HAL_NVIC_SetPriorityGrouping           0x0800163c   Section        0  stm32f4xx_hal_cortex.o(i.HAL_NVIC_SetPriorityGrouping)
    i.HAL_PWREx_EnableOverDrive              0x08001660   Section        0  stm32f4xx_hal_pwr_ex.o(i.HAL_PWREx_EnableOverDrive)
    i.HAL_RCC_ClockConfig                    0x080016d0   Section        0  stm32f4xx_hal_rcc.o(i.HAL_RCC_ClockConfig)
    i.HAL_RCC_GetPCLK1Freq                   0x08001804   Section        0  stm32f4xx_hal_rcc.o(i.HAL_RCC_GetPCLK1Freq)
    i.HAL_RCC_GetPCLK2Freq                   0x08001824   Section        0  stm32f4xx_hal_rcc.o(i.HAL_RCC_GetPCLK2Freq)
    i.HAL_RCC_GetSysClockFreq                0x08001844   Section        0  stm32f4xx_hal_rcc.o(i.HAL_RCC_GetSysClockFreq)
    i.HAL_RCC_OscConfig                      0x080018a8   Section        0  stm32f4xx_hal_rcc.o(i.HAL_RCC_OscConfig)
    i.HAL_SD_AbortCallback                   0x08001c14   Section        0  bsp_driver_sd.o(i.HAL_SD_AbortCallback)
    i.HAL_SD_ConfigWideBusOperation          0x08001c1c   Section        0  stm32f4xx_hal_sd.o(i.HAL_SD_ConfigWideBusOperation)
    i.HAL_SD_ErrorCallback                   0x08001d34   Section        0  stm32f4xx_hal_sd.o(i.HAL_SD_ErrorCallback)
    i.HAL_SD_GetCardCID                      0x08001d36   Section        0  stm32f4xx_hal_sd.o(i.HAL_SD_GetCardCID)
    i.HAL_SD_GetCardCSD                      0x08001d88   Section        0  stm32f4xx_hal_sd.o(i.HAL_SD_GetCardCSD)
    i.HAL_SD_GetCardInfo                     0x08001f20   Section        0  stm32f4xx_hal_sd.o(i.HAL_SD_GetCardInfo)
    i.HAL_SD_GetCardState                    0x08001f44   Section        0  stm32f4xx_hal_sd.o(i.HAL_SD_GetCardState)
    i.HAL_SD_IRQHandler                      0x08001f70   Section        0  stm32f4xx_hal_sd.o(i.HAL_SD_IRQHandler)
    i.HAL_SD_Init                            0x08002178   Section        0  stm32f4xx_hal_sd.o(i.HAL_SD_Init)
    i.HAL_SD_InitCard                        0x080021b0   Section        0  stm32f4xx_hal_sd.o(i.HAL_SD_InitCard)
    i.HAL_SD_MspInit                         0x08002224   Section        0  sdio.o(i.HAL_SD_MspInit)
    i.HAL_SD_ReadBlocks_DMA                  0x08002368   Section        0  stm32f4xx_hal_sd.o(i.HAL_SD_ReadBlocks_DMA)
    i.HAL_SD_RxCpltCallback                  0x0800248c   Section        0  bsp_driver_sd.o(i.HAL_SD_RxCpltCallback)
    i.HAL_SD_TxCpltCallback                  0x08002494   Section        0  bsp_driver_sd.o(i.HAL_SD_TxCpltCallback)
    i.HAL_SD_WriteBlocks_DMA                 0x0800249c   Section        0  stm32f4xx_hal_sd.o(i.HAL_SD_WriteBlocks_DMA)
    i.HAL_SYSTICK_Config                     0x080025bc   Section        0  stm32f4xx_hal_cortex.o(i.HAL_SYSTICK_Config)
    i.HAL_UART_Init                          0x080025e4   Section        0  stm32f4xx_hal_uart.o(i.HAL_UART_Init)
    i.HAL_UART_MspInit                       0x08002648   Section        0  usart.o(i.HAL_UART_MspInit)
    i.HAL_UART_Transmit                      0x080026b4   Section        0  stm32f4xx_hal_uart.o(i.HAL_UART_Transmit)
    i.HardFault_Handler                      0x08002766   Section        0  stm32f4xx_it.o(i.HardFault_Handler)
    i.MX_DMA_Init                            0x08002768   Section        0  dma.o(i.MX_DMA_Init)
    i.MX_FATFS_Init                          0x080027a4   Section        0  fatfs.o(i.MX_FATFS_Init)
    i.MX_GPIO_Init                           0x080027c0   Section        0  gpio.o(i.MX_GPIO_Init)
    i.MX_SDIO_SD_Init                        0x08002898   Section        0  sdio.o(i.MX_SDIO_SD_Init)
    i.MX_UART7_Init                          0x080028c0   Section        0  usart.o(i.MX_UART7_Init)
    i.MemManage_Handler                      0x080028f8   Section        0  stm32f4xx_it.o(i.MemManage_Handler)
    i.NMI_Handler                            0x080028fa   Section        0  stm32f4xx_it.o(i.NMI_Handler)
    i.PendSV_Handler                         0x080028fc   Section        0  stm32f4xx_it.o(i.PendSV_Handler)
    i.SDIO_ConfigData                        0x080028fe   Section        0  stm32f4xx_ll_sdmmc.o(i.SDIO_ConfigData)
    i.SDIO_GetPowerState                     0x08002922   Section        0  stm32f4xx_ll_sdmmc.o(i.SDIO_GetPowerState)
    i.SDIO_GetResponse                       0x0800292a   Section        0  stm32f4xx_ll_sdmmc.o(i.SDIO_GetResponse)
    i.SDIO_IRQHandler                        0x08002930   Section        0  stm32f4xx_it.o(i.SDIO_IRQHandler)
    i.SDIO_Init                              0x0800293c   Section        0  stm32f4xx_ll_sdmmc.o(i.SDIO_Init)
    i.SDIO_PowerState_ON                     0x08002960   Section        0  stm32f4xx_ll_sdmmc.o(i.SDIO_PowerState_ON)
    i.SDIO_ReadFIFO                          0x08002970   Section        0  stm32f4xx_ll_sdmmc.o(i.SDIO_ReadFIFO)
    i.SDIO_SendCommand                       0x08002976   Section        0  stm32f4xx_ll_sdmmc.o(i.SDIO_SendCommand)
    i.SDIO_WriteFIFO                         0x08002996   Section        0  stm32f4xx_ll_sdmmc.o(i.SDIO_WriteFIFO)
    i.SDMMC_CmdAppCommand                    0x080029a0   Section        0  stm32f4xx_ll_sdmmc.o(i.SDMMC_CmdAppCommand)
    i.SDMMC_CmdAppOperCommand                0x080029d4   Section        0  stm32f4xx_ll_sdmmc.o(i.SDMMC_CmdAppOperCommand)
    i.SDMMC_CmdBlockLength                   0x08002a08   Section        0  stm32f4xx_ll_sdmmc.o(i.SDMMC_CmdBlockLength)
    i.SDMMC_CmdBusWidth                      0x08002a3a   Section        0  stm32f4xx_ll_sdmmc.o(i.SDMMC_CmdBusWidth)
    i.SDMMC_CmdGoIdleState                   0x08002a6c   Section        0  stm32f4xx_ll_sdmmc.o(i.SDMMC_CmdGoIdleState)
    i.SDMMC_CmdOperCond                      0x08002abc   Section        0  stm32f4xx_ll_sdmmc.o(i.SDMMC_CmdOperCond)
    i.SDMMC_CmdReadMultiBlock                0x08002b30   Section        0  stm32f4xx_ll_sdmmc.o(i.SDMMC_CmdReadMultiBlock)
    i.SDMMC_CmdReadSingleBlock               0x08002b62   Section        0  stm32f4xx_ll_sdmmc.o(i.SDMMC_CmdReadSingleBlock)
    i.SDMMC_CmdSelDesel                      0x08002b94   Section        0  stm32f4xx_ll_sdmmc.o(i.SDMMC_CmdSelDesel)
    i.SDMMC_CmdSendCID                       0x08002bc6   Section        0  stm32f4xx_ll_sdmmc.o(i.SDMMC_CmdSendCID)
    i.SDMMC_CmdSendCSD                       0x08002bf2   Section        0  stm32f4xx_ll_sdmmc.o(i.SDMMC_CmdSendCSD)
    i.SDMMC_CmdSendSCR                       0x08002c1e   Section        0  stm32f4xx_ll_sdmmc.o(i.SDMMC_CmdSendSCR)
    i.SDMMC_CmdSendStatus                    0x08002c4e   Section        0  stm32f4xx_ll_sdmmc.o(i.SDMMC_CmdSendStatus)
    i.SDMMC_CmdSetRelAdd                     0x08002c80   Section        0  stm32f4xx_ll_sdmmc.o(i.SDMMC_CmdSetRelAdd)
    i.SDMMC_CmdStopTransfer                  0x08002cb0   Section        0  stm32f4xx_ll_sdmmc.o(i.SDMMC_CmdStopTransfer)
    i.SDMMC_CmdWriteMultiBlock               0x08002ce4   Section        0  stm32f4xx_ll_sdmmc.o(i.SDMMC_CmdWriteMultiBlock)
    i.SDMMC_CmdWriteSingleBlock              0x08002d16   Section        0  stm32f4xx_ll_sdmmc.o(i.SDMMC_CmdWriteSingleBlock)
    i.SDMMC_GetCmdResp1                      0x08002d48   Section        0  stm32f4xx_ll_sdmmc.o(i.SDMMC_GetCmdResp1)
    SDMMC_GetCmdResp1                        0x08002d49   Thumb Code   278  stm32f4xx_ll_sdmmc.o(i.SDMMC_GetCmdResp1)
    i.SDMMC_GetCmdResp2                      0x08002e68   Section        0  stm32f4xx_ll_sdmmc.o(i.SDMMC_GetCmdResp2)
    SDMMC_GetCmdResp2                        0x08002e69   Thumb Code    76  stm32f4xx_ll_sdmmc.o(i.SDMMC_GetCmdResp2)
    i.SDMMC_GetCmdResp3                      0x08002eb8   Section        0  stm32f4xx_ll_sdmmc.o(i.SDMMC_GetCmdResp3)
    SDMMC_GetCmdResp3                        0x08002eb9   Thumb Code    62  stm32f4xx_ll_sdmmc.o(i.SDMMC_GetCmdResp3)
    i.SDMMC_GetCmdResp6                      0x08002efc   Section        0  stm32f4xx_ll_sdmmc.o(i.SDMMC_GetCmdResp6)
    SDMMC_GetCmdResp6                        0x08002efd   Thumb Code   130  stm32f4xx_ll_sdmmc.o(i.SDMMC_GetCmdResp6)
    i.SD_CheckStatus                         0x08002f84   Section        0  sd_diskio.o(i.SD_CheckStatus)
    SD_CheckStatus                           0x08002f85   Thumb Code    26  sd_diskio.o(i.SD_CheckStatus)
    i.SD_CheckStatusWithTimeout              0x08002fa4   Section        0  sd_diskio.o(i.SD_CheckStatusWithTimeout)
    SD_CheckStatusWithTimeout                0x08002fa5   Thumb Code    36  sd_diskio.o(i.SD_CheckStatusWithTimeout)
    i.SD_DMAError                            0x08002fc8   Section        0  stm32f4xx_hal_sd.o(i.SD_DMAError)
    SD_DMAError                              0x08002fc9   Thumb Code    96  stm32f4xx_hal_sd.o(i.SD_DMAError)
    i.SD_DMAReceiveCplt                      0x0800302c   Section        0  stm32f4xx_hal_sd.o(i.SD_DMAReceiveCplt)
    SD_DMAReceiveCplt                        0x0800302d   Thumb Code    66  stm32f4xx_hal_sd.o(i.SD_DMAReceiveCplt)
    i.SD_DMARxAbort                          0x0800306e   Section        0  stm32f4xx_hal_sd.o(i.SD_DMARxAbort)
    SD_DMARxAbort                            0x0800306f   Thumb Code    68  stm32f4xx_hal_sd.o(i.SD_DMARxAbort)
    i.SD_DMATransmitCplt                     0x080030b2   Section        0  stm32f4xx_hal_sd.o(i.SD_DMATransmitCplt)
    SD_DMATransmitCplt                       0x080030b3   Thumb Code    14  stm32f4xx_hal_sd.o(i.SD_DMATransmitCplt)
    i.SD_DMATxAbort                          0x080030c0   Section        0  stm32f4xx_hal_sd.o(i.SD_DMATxAbort)
    SD_DMATxAbort                            0x080030c1   Thumb Code    68  stm32f4xx_hal_sd.o(i.SD_DMATxAbort)
    i.SD_FindSCR                             0x08003104   Section        0  stm32f4xx_hal_sd.o(i.SD_FindSCR)
    SD_FindSCR                               0x08003105   Thumb Code   218  stm32f4xx_hal_sd.o(i.SD_FindSCR)
    i.SD_InitCard                            0x080031de   Section        0  stm32f4xx_hal_sd.o(i.SD_InitCard)
    SD_InitCard                              0x080031df   Thumb Code   238  stm32f4xx_hal_sd.o(i.SD_InitCard)
    i.SD_PowerON                             0x080032cc   Section        0  stm32f4xx_hal_sd.o(i.SD_PowerON)
    SD_PowerON                               0x080032cd   Thumb Code   174  stm32f4xx_hal_sd.o(i.SD_PowerON)
    i.SD_initialize                          0x08003380   Section        0  sd_diskio.o(i.SD_initialize)
    i.SD_ioctl                               0x0800339c   Section        0  sd_diskio.o(i.SD_ioctl)
    i.SD_read                                0x080033ec   Section        0  sd_diskio.o(i.SD_read)
    i.SD_status                              0x08003464   Section        0  sd_diskio.o(i.SD_status)
    i.SD_write                               0x08003468   Section        0  sd_diskio.o(i.SD_write)
    i.SVC_Handler                            0x080034e0   Section        0  stm32f4xx_it.o(i.SVC_Handler)
    i.SysTick_Handler                        0x080034e2   Section        0  stm32f4xx_it.o(i.SysTick_Handler)
    i.SystemClock_Config                     0x080034e8   Section        0  main.o(i.SystemClock_Config)
    i.SystemInit                             0x0800358c   Section        0  system_stm32f4xx.o(i.SystemInit)
    i.UART_SetConfig                         0x0800359c   Section        0  stm32f4xx_hal_uart.o(i.UART_SetConfig)
    UART_SetConfig                           0x0800359d   Thumb Code   258  stm32f4xx_hal_uart.o(i.UART_SetConfig)
    i.UART_WaitOnFlagUntilTimeout            0x080036a8   Section        0  stm32f4xx_hal_uart.o(i.UART_WaitOnFlagUntilTimeout)
    UART_WaitOnFlagUntilTimeout              0x080036a9   Thumb Code   100  stm32f4xx_hal_uart.o(i.UART_WaitOnFlagUntilTimeout)
    i.UsageFault_Handler                     0x0800370c   Section        0  stm32f4xx_it.o(i.UsageFault_Handler)
    i.__0printf                              0x08003710   Section        0  printfa.o(i.__0printf)
    i.__0sprintf                             0x08003730   Section        0  printfa.o(i.__0sprintf)
    i.__NVIC_SetPriority                     0x08003758   Section        0  stm32f4xx_hal_cortex.o(i.__NVIC_SetPriority)
    __NVIC_SetPriority                       0x08003759   Thumb Code    32  stm32f4xx_hal_cortex.o(i.__NVIC_SetPriority)
    i.__scatterload_copy                     0x08003778   Section       14  handlers.o(i.__scatterload_copy)
    i.__scatterload_null                     0x08003786   Section        2  handlers.o(i.__scatterload_null)
    i.__scatterload_zeroinit                 0x08003788   Section       14  handlers.o(i.__scatterload_zeroinit)
    i._fp_digits                             0x08003798   Section        0  printfa.o(i._fp_digits)
    _fp_digits                               0x08003799   Thumb Code   366  printfa.o(i._fp_digits)
    i._printf_core                           0x0800391c   Section        0  printfa.o(i._printf_core)
    _printf_core                             0x0800391d   Thumb Code  1744  printfa.o(i._printf_core)
    i._printf_post_padding                   0x08003ff8   Section        0  printfa.o(i._printf_post_padding)
    _printf_post_padding                     0x08003ff9   Thumb Code    36  printfa.o(i._printf_post_padding)
    i._printf_pre_padding                    0x0800401c   Section        0  printfa.o(i._printf_pre_padding)
    _printf_pre_padding                      0x0800401d   Thumb Code    46  printfa.o(i._printf_pre_padding)
    i._sputc                                 0x0800404a   Section        0  printfa.o(i._sputc)
    _sputc                                   0x0800404b   Thumb Code    10  printfa.o(i._sputc)
    i.check_fs                               0x08004054   Section        0  ff.o(i.check_fs)
    check_fs                                 0x08004055   Thumb Code   102  ff.o(i.check_fs)
    i.chk_chr                                0x080040c4   Section        0  ff.o(i.chk_chr)
    chk_chr                                  0x080040c5   Thumb Code    16  ff.o(i.chk_chr)
    i.chk_lock                               0x080040d4   Section        0  ff.o(i.chk_lock)
    chk_lock                                 0x080040d5   Thumb Code    86  ff.o(i.chk_lock)
    i.clear_lock                             0x08004130   Section        0  ff.o(i.clear_lock)
    clear_lock                               0x08004131   Thumb Code    28  ff.o(i.clear_lock)
    i.clmt_clust                             0x08004150   Section        0  ff.o(i.clmt_clust)
    clmt_clust                               0x08004151   Thumb Code    36  ff.o(i.clmt_clust)
    i.clust2sect                             0x08004174   Section        0  ff.o(i.clust2sect)
    clust2sect                               0x08004175   Thumb Code    24  ff.o(i.clust2sect)
    i.cmp_lfn                                0x0800418c   Section        0  ff.o(i.cmp_lfn)
    cmp_lfn                                  0x0800418d   Thumb Code   124  ff.o(i.cmp_lfn)
    i.create_chain                           0x0800420c   Section        0  ff.o(i.create_chain)
    create_chain                             0x0800420d   Thumb Code   164  ff.o(i.create_chain)
    i.create_name                            0x080042b0   Section        0  ff.o(i.create_name)
    create_name                              0x080042b1   Thumb Code   560  ff.o(i.create_name)
    i.dec_lock                               0x080044f4   Section        0  ff.o(i.dec_lock)
    dec_lock                                 0x080044f5   Thumb Code    48  ff.o(i.dec_lock)
    i.dir_find                               0x08004528   Section        0  ff.o(i.dir_find)
    dir_find                                 0x08004529   Thumb Code   208  ff.o(i.dir_find)
    i.dir_next                               0x080045f8   Section        0  ff.o(i.dir_next)
    dir_next                                 0x080045f9   Thumb Code   244  ff.o(i.dir_next)
    i.dir_register                           0x080046ec   Section        0  ff.o(i.dir_register)
    dir_register                             0x080046ed   Thumb Code   480  ff.o(i.dir_register)
    i.dir_sdi                                0x080048d0   Section        0  ff.o(i.dir_sdi)
    dir_sdi                                  0x080048d1   Thumb Code   130  ff.o(i.dir_sdi)
    i.disk_initialize                        0x08004954   Section        0  diskio.o(i.disk_initialize)
    i.disk_ioctl                             0x0800497c   Section        0  diskio.o(i.disk_ioctl)
    i.disk_read                              0x08004998   Section        0  diskio.o(i.disk_read)
    i.disk_status                            0x080049b4   Section        0  diskio.o(i.disk_status)
    i.disk_write                             0x080049cc   Section        0  diskio.o(i.disk_write)
    i.f_close                                0x080049e8   Section        0  ff.o(i.f_close)
    i.f_lseek                                0x08004a10   Section        0  ff.o(i.f_lseek)
    i.f_mount                                0x08004c24   Section        0  ff.o(i.f_mount)
    i.f_open                                 0x08004c7c   Section        0  ff.o(i.f_open)
    i.f_sync                                 0x08004e90   Section        0  ff.o(i.f_sync)
    i.f_write                                0x08004f1e   Section        0  ff.o(i.f_write)
    i.ff_convert                             0x080050ac   Section        0  cc936.o(i.ff_convert)
    i.ff_wtoupper                            0x080050f8   Section        0  cc936.o(i.ff_wtoupper)
    i.find_volume                            0x08005178   Section        0  ff.o(i.find_volume)
    find_volume                              0x08005179   Thumb Code   582  ff.o(i.find_volume)
    i.follow_path                            0x080053cc   Section        0  ff.o(i.follow_path)
    follow_path                              0x080053cd   Thumb Code   116  ff.o(i.follow_path)
    i.fputc                                  0x08005440   Section        0  usart.o(i.fputc)
    i.gen_numname                            0x08005458   Section        0  ff.o(i.gen_numname)
    gen_numname                              0x08005459   Thumb Code   136  ff.o(i.gen_numname)
    i.get_fat                                0x080054e4   Section        0  ff.o(i.get_fat)
    get_fat                                  0x080054e5   Thumb Code   190  ff.o(i.get_fat)
    i.get_fattime                            0x080055a2   Section        0  fatfs.o(i.get_fattime)
    i.get_ldnumber                           0x080055a6   Section        0  ff.o(i.get_ldnumber)
    get_ldnumber                             0x080055a7   Thumb Code    60  ff.o(i.get_ldnumber)
    i.inc_lock                               0x080055e4   Section        0  ff.o(i.inc_lock)
    inc_lock                                 0x080055e5   Thumb Code   124  ff.o(i.inc_lock)
    i.ld_clust                               0x08005664   Section        0  ff.o(i.ld_clust)
    ld_clust                                 0x08005665   Thumb Code    38  ff.o(i.ld_clust)
    i.ld_dword                               0x0800568a   Section        0  ff.o(i.ld_dword)
    ld_dword                                 0x0800568b   Thumb Code    22  ff.o(i.ld_dword)
    i.ld_word                                0x080056a0   Section        0  ff.o(i.ld_word)
    ld_word                                  0x080056a1   Thumb Code    10  ff.o(i.ld_word)
    i.main                                   0x080056ac   Section        0  main.o(i.main)
    i.mem_cpy                                0x080056ec   Section        0  ff.o(i.mem_cpy)
    mem_cpy                                  0x080056ed   Thumb Code    18  ff.o(i.mem_cpy)
    i.mem_set                                0x08005700   Section        0  ff.o(i.mem_set)
    mem_set                                  0x08005701   Thumb Code    14  ff.o(i.mem_set)
    i.move_window                            0x0800570e   Section        0  ff.o(i.move_window)
    move_window                              0x0800570f   Thumb Code    50  ff.o(i.move_window)
    i.put_fat                                0x08005740   Section        0  ff.o(i.put_fat)
    put_fat                                  0x08005741   Thumb Code   234  ff.o(i.put_fat)
    i.remove_chain                           0x0800582a   Section        0  ff.o(i.remove_chain)
    remove_chain                             0x0800582b   Thumb Code   116  ff.o(i.remove_chain)
    i.st_clust                               0x0800589e   Section        0  ff.o(i.st_clust)
    st_clust                                 0x0800589f   Thumb Code    40  ff.o(i.st_clust)
    i.st_dword                               0x080058c6   Section        0  ff.o(i.st_dword)
    st_dword                                 0x080058c7   Thumb Code    16  ff.o(i.st_dword)
    i.st_word                                0x080058d6   Section        0  ff.o(i.st_word)
    st_word                                  0x080058d7   Thumb Code     8  ff.o(i.st_word)
    i.sum_sfn                                0x080058de   Section        0  ff.o(i.sum_sfn)
    sum_sfn                                  0x080058df   Thumb Code    26  ff.o(i.sum_sfn)
    i.sync_fs                                0x080058f8   Section        0  ff.o(i.sync_fs)
    sync_fs                                  0x080058f9   Thumb Code   126  ff.o(i.sync_fs)
    i.sync_window                            0x08005980   Section        0  ff.o(i.sync_window)
    sync_window                              0x08005981   Thumb Code    82  ff.o(i.sync_window)
    i.validate                               0x080059d2   Section        0  ff.o(i.validate)
    validate                                 0x080059d3   Thumb Code    52  ff.o(i.validate)
    .constdata                               0x08005a08   Section       16  main.o(.constdata)
    .constdata                               0x08005a18   Section        8  stm32f4xx_hal_dma.o(.constdata)
    flagBitshiftOffset                       0x08005a18   Data           8  stm32f4xx_hal_dma.o(.constdata)
    .constdata                               0x08005a20   Section       16  system_stm32f4xx.o(.constdata)
    .constdata                               0x08005a30   Section        8  system_stm32f4xx.o(.constdata)
    .constdata                               0x08005a38   Section       20  sd_diskio.o(.constdata)
    .constdata                               0x08005a4c   Section       42  ff.o(.constdata)
    LfnOfs                                   0x08005a4c   Data          13  ff.o(.constdata)
    cst                                      0x08005a5a   Data          14  ff.o(.constdata)
    cst32                                    0x08005a68   Data          14  ff.o(.constdata)
    .constdata                               0x08005a76   Section    175030  cc936.o(.constdata)
    uni2oem                                  0x08005a76   Data       87172  cc936.o(.constdata)
    oem2uni                                  0x0801aefa   Data       87172  cc936.o(.constdata)
    cvt1                                     0x0803037e   Data         498  cc936.o(.constdata)
    cvt2                                     0x08030570   Data         188  cc936.o(.constdata)
    .conststring                             0x0803062c   Section       91  main.o(.conststring)
    .data                                    0x10000000   Section    16961  main.o(.data)
    .data                                    0x10004241   Section        1  sdio.o(.data)
    .data                                    0x10004244   Section       12  stm32f4xx_hal.o(.data)
    .data                                    0x10004250   Section        4  system_stm32f4xx.o(.data)
    .data                                    0x10004254   Section       12  sd_diskio.o(.data)
    Stat                                     0x10004254   Data           1  sd_diskio.o(.data)
    WriteStatus                              0x10004258   Data           4  sd_diskio.o(.data)
    ReadStatus                               0x1000425c   Data           4  sd_diskio.o(.data)
    .data                                    0x10004260   Section        5  fatfs.o(.data)
    .data                                    0x10004268   Section        8  ff.o(.data)
    Fsid                                     0x10004268   Data           2  ff.o(.data)
    FatFs                                    0x1000426c   Data           4  ff.o(.data)
    .data                                    0x10004270   Section        4  stdout.o(.data)
    .bss                                     0x10004274   Section      324  sdio.o(.bss)
    .bss                                     0x100043b8   Section       68  usart.o(.bss)
    .bss                                     0x100043fc   Section       32  ff.o(.bss)
    Files                                    0x100043fc   Data          32  ff.o(.bss)
    .bss                                     0x1000441c   Section       12  ff_gen_drv.o(.bss)
    STACK                                    0x10004428   Section     4096  startup_stm32f427xx.o(STACK)
    .bss                                     0x20000000   Section    165704  main.o(.bss)

    Global Symbols

    Symbol Name                              Value     Ov Type        Size  Object(Section)

    BuildAttributes$$THM_ISAv4$E$P$D$K$B$S$7EM$VFPi3$EXTD16$VFPS$VFMA$PE$A:L22UL41UL21$X:L11$S22US41US21$IEEE1$IW$USESV6$~STKCKD$USESV7$~SHL$OTIME$ROPI$EBA8$MICROLIB$REQ8$PRES8$EABIv2 0x00000000   Number         0  anon$$obj.o ABSOLUTE
    __ARM_use_no_argv                        0x00000000   Number         0  main.o ABSOLUTE
    _printf_a                                0x00000000   Number         0  stubs.o ABSOLUTE
    _printf_c                                0x00000000   Number         0  stubs.o ABSOLUTE
    _printf_charcount                        0x00000000   Number         0  stubs.o ABSOLUTE
    _printf_d                                0x00000000   Number         0  stubs.o ABSOLUTE
    _printf_e                                0x00000000   Number         0  stubs.o ABSOLUTE
    _printf_f                                0x00000000   Number         0  stubs.o ABSOLUTE
    _printf_flags                            0x00000000   Number         0  stubs.o ABSOLUTE
    _printf_fp_dec                           0x00000000   Number         0  stubs.o ABSOLUTE
    _printf_fp_hex                           0x00000000   Number         0  stubs.o ABSOLUTE
    _printf_g                                0x00000000   Number         0  stubs.o ABSOLUTE
    _printf_i                                0x00000000   Number         0  stubs.o ABSOLUTE
    _printf_int_dec                          0x00000000   Number         0  stubs.o ABSOLUTE
    _printf_l                                0x00000000   Number         0  stubs.o ABSOLUTE
    _printf_lc                               0x00000000   Number         0  stubs.o ABSOLUTE
    _printf_ll                               0x00000000   Number         0  stubs.o ABSOLUTE
    _printf_lld                              0x00000000   Number         0  stubs.o ABSOLUTE
    _printf_lli                              0x00000000   Number         0  stubs.o ABSOLUTE
    _printf_llo                              0x00000000   Number         0  stubs.o ABSOLUTE
    _printf_llu                              0x00000000   Number         0  stubs.o ABSOLUTE
    _printf_llx                              0x00000000   Number         0  stubs.o ABSOLUTE
    _printf_longlong_dec                     0x00000000   Number         0  stubs.o ABSOLUTE
    _printf_longlong_hex                     0x00000000   Number         0  stubs.o ABSOLUTE
    _printf_longlong_oct                     0x00000000   Number         0  stubs.o ABSOLUTE
    _printf_ls                               0x00000000   Number         0  stubs.o ABSOLUTE
    _printf_mbtowc                           0x00000000   Number         0  stubs.o ABSOLUTE
    _printf_n                                0x00000000   Number         0  stubs.o ABSOLUTE
    _printf_o                                0x00000000   Number         0  stubs.o ABSOLUTE
    _printf_p                                0x00000000   Number         0  stubs.o ABSOLUTE
    _printf_percent                          0x00000000   Number         0  stubs.o ABSOLUTE
    _printf_pre_padding                      0x00000000   Number         0  stubs.o ABSOLUTE
    _printf_return_value                     0x00000000   Number         0  stubs.o ABSOLUTE
    _printf_s                                0x00000000   Number         0  stubs.o ABSOLUTE
    _printf_sizespec                         0x00000000   Number         0  stubs.o ABSOLUTE
    _printf_str                              0x00000000   Number         0  stubs.o ABSOLUTE
    _printf_truncate_signed                  0x00000000   Number         0  stubs.o ABSOLUTE
    _printf_truncate_unsigned                0x00000000   Number         0  stubs.o ABSOLUTE
    _printf_u                                0x00000000   Number         0  stubs.o ABSOLUTE
    _printf_wc                               0x00000000   Number         0  stubs.o ABSOLUTE
    _printf_wctomb                           0x00000000   Number         0  stubs.o ABSOLUTE
    _printf_widthprec                        0x00000000   Number         0  stubs.o ABSOLUTE
    _printf_x                                0x00000000   Number         0  stubs.o ABSOLUTE
    __cpp_initialize__aeabi_                  - Undefined Weak Reference
    __cxa_finalize                            - Undefined Weak Reference
    _clock_init                               - Undefined Weak Reference
    _microlib_exit                            - Undefined Weak Reference
    __Vectors_Size                           0x000001ac   Number         0  startup_stm32f427xx.o ABSOLUTE
    __Vectors                                0x08000000   Data           4  startup_stm32f427xx.o(RESET)
    __Vectors_End                            0x080001ac   Data           0  startup_stm32f427xx.o(RESET)
    __main                                   0x080001ad   Thumb Code     0  entry.o(.ARM.Collect$$$$00000000)
    _main_stk                                0x080001ad   Thumb Code     0  entry2.o(.ARM.Collect$$$$00000001)
    _main_scatterload                        0x080001b1   Thumb Code     0  entry5.o(.ARM.Collect$$$$00000004)
    __main_after_scatterload                 0x080001b5   Thumb Code     0  entry5.o(.ARM.Collect$$$$00000004)
    _main_clock                              0x080001b5   Thumb Code     0  entry7b.o(.ARM.Collect$$$$00000008)
    _main_cpp_init                           0x080001b5   Thumb Code     0  entry8b.o(.ARM.Collect$$$$0000000A)
    _main_init                               0x080001b5   Thumb Code     0  entry9a.o(.ARM.Collect$$$$0000000B)
    __rt_final_cpp                           0x080001bd   Thumb Code     0  entry10a.o(.ARM.Collect$$$$0000000D)
    __rt_final_exit                          0x080001bd   Thumb Code     0  entry11a.o(.ARM.Collect$$$$0000000F)
    Reset_Handler                            0x080001c1   Thumb Code     8  startup_stm32f427xx.o(.text)
    ADC_IRQHandler                           0x080001db   Thumb Code     0  startup_stm32f427xx.o(.text)
    CAN1_RX0_IRQHandler                      0x080001db   Thumb Code     0  startup_stm32f427xx.o(.text)
    CAN1_RX1_IRQHandler                      0x080001db   Thumb Code     0  startup_stm32f427xx.o(.text)
    CAN1_SCE_IRQHandler                      0x080001db   Thumb Code     0  startup_stm32f427xx.o(.text)
    CAN1_TX_IRQHandler                       0x080001db   Thumb Code     0  startup_stm32f427xx.o(.text)
    CAN2_RX0_IRQHandler                      0x080001db   Thumb Code     0  startup_stm32f427xx.o(.text)
    CAN2_RX1_IRQHandler                      0x080001db   Thumb Code     0  startup_stm32f427xx.o(.text)
    CAN2_SCE_IRQHandler                      0x080001db   Thumb Code     0  startup_stm32f427xx.o(.text)
    CAN2_TX_IRQHandler                       0x080001db   Thumb Code     0  startup_stm32f427xx.o(.text)
    DCMI_IRQHandler                          0x080001db   Thumb Code     0  startup_stm32f427xx.o(.text)
    DMA1_Stream0_IRQHandler                  0x080001db   Thumb Code     0  startup_stm32f427xx.o(.text)
    DMA1_Stream1_IRQHandler                  0x080001db   Thumb Code     0  startup_stm32f427xx.o(.text)
    DMA1_Stream2_IRQHandler                  0x080001db   Thumb Code     0  startup_stm32f427xx.o(.text)
    DMA1_Stream3_IRQHandler                  0x080001db   Thumb Code     0  startup_stm32f427xx.o(.text)
    DMA1_Stream4_IRQHandler                  0x080001db   Thumb Code     0  startup_stm32f427xx.o(.text)
    DMA1_Stream5_IRQHandler                  0x080001db   Thumb Code     0  startup_stm32f427xx.o(.text)
    DMA1_Stream6_IRQHandler                  0x080001db   Thumb Code     0  startup_stm32f427xx.o(.text)
    DMA1_Stream7_IRQHandler                  0x080001db   Thumb Code     0  startup_stm32f427xx.o(.text)
    DMA2D_IRQHandler                         0x080001db   Thumb Code     0  startup_stm32f427xx.o(.text)
    DMA2_Stream0_IRQHandler                  0x080001db   Thumb Code     0  startup_stm32f427xx.o(.text)
    DMA2_Stream1_IRQHandler                  0x080001db   Thumb Code     0  startup_stm32f427xx.o(.text)
    DMA2_Stream2_IRQHandler                  0x080001db   Thumb Code     0  startup_stm32f427xx.o(.text)
    DMA2_Stream4_IRQHandler                  0x080001db   Thumb Code     0  startup_stm32f427xx.o(.text)
    DMA2_Stream5_IRQHandler                  0x080001db   Thumb Code     0  startup_stm32f427xx.o(.text)
    DMA2_Stream7_IRQHandler                  0x080001db   Thumb Code     0  startup_stm32f427xx.o(.text)
    ETH_IRQHandler                           0x080001db   Thumb Code     0  startup_stm32f427xx.o(.text)
    ETH_WKUP_IRQHandler                      0x080001db   Thumb Code     0  startup_stm32f427xx.o(.text)
    EXTI0_IRQHandler                         0x080001db   Thumb Code     0  startup_stm32f427xx.o(.text)
    EXTI15_10_IRQHandler                     0x080001db   Thumb Code     0  startup_stm32f427xx.o(.text)
    EXTI1_IRQHandler                         0x080001db   Thumb Code     0  startup_stm32f427xx.o(.text)
    EXTI2_IRQHandler                         0x080001db   Thumb Code     0  startup_stm32f427xx.o(.text)
    EXTI3_IRQHandler                         0x080001db   Thumb Code     0  startup_stm32f427xx.o(.text)
    EXTI4_IRQHandler                         0x080001db   Thumb Code     0  startup_stm32f427xx.o(.text)
    EXTI9_5_IRQHandler                       0x080001db   Thumb Code     0  startup_stm32f427xx.o(.text)
    FLASH_IRQHandler                         0x080001db   Thumb Code     0  startup_stm32f427xx.o(.text)
    FMC_IRQHandler                           0x080001db   Thumb Code     0  startup_stm32f427xx.o(.text)
    FPU_IRQHandler                           0x080001db   Thumb Code     0  startup_stm32f427xx.o(.text)
    HASH_RNG_IRQHandler                      0x080001db   Thumb Code     0  startup_stm32f427xx.o(.text)
    I2C1_ER_IRQHandler                       0x080001db   Thumb Code     0  startup_stm32f427xx.o(.text)
    I2C1_EV_IRQHandler                       0x080001db   Thumb Code     0  startup_stm32f427xx.o(.text)
    I2C2_ER_IRQHandler                       0x080001db   Thumb Code     0  startup_stm32f427xx.o(.text)
    I2C2_EV_IRQHandler                       0x080001db   Thumb Code     0  startup_stm32f427xx.o(.text)
    I2C3_ER_IRQHandler                       0x080001db   Thumb Code     0  startup_stm32f427xx.o(.text)
    I2C3_EV_IRQHandler                       0x080001db   Thumb Code     0  startup_stm32f427xx.o(.text)
    OTG_FS_IRQHandler                        0x080001db   Thumb Code     0  startup_stm32f427xx.o(.text)
    OTG_FS_WKUP_IRQHandler                   0x080001db   Thumb Code     0  startup_stm32f427xx.o(.text)
    OTG_HS_EP1_IN_IRQHandler                 0x080001db   Thumb Code     0  startup_stm32f427xx.o(.text)
    OTG_HS_EP1_OUT_IRQHandler                0x080001db   Thumb Code     0  startup_stm32f427xx.o(.text)
    OTG_HS_IRQHandler                        0x080001db   Thumb Code     0  startup_stm32f427xx.o(.text)
    OTG_HS_WKUP_IRQHandler                   0x080001db   Thumb Code     0  startup_stm32f427xx.o(.text)
    PVD_IRQHandler                           0x080001db   Thumb Code     0  startup_stm32f427xx.o(.text)
    RCC_IRQHandler                           0x080001db   Thumb Code     0  startup_stm32f427xx.o(.text)
    RTC_Alarm_IRQHandler                     0x080001db   Thumb Code     0  startup_stm32f427xx.o(.text)
    RTC_WKUP_IRQHandler                      0x080001db   Thumb Code     0  startup_stm32f427xx.o(.text)
    SAI1_IRQHandler                          0x080001db   Thumb Code     0  startup_stm32f427xx.o(.text)
    SPI1_IRQHandler                          0x080001db   Thumb Code     0  startup_stm32f427xx.o(.text)
    SPI2_IRQHandler                          0x080001db   Thumb Code     0  startup_stm32f427xx.o(.text)
    SPI3_IRQHandler                          0x080001db   Thumb Code     0  startup_stm32f427xx.o(.text)
    SPI4_IRQHandler                          0x080001db   Thumb Code     0  startup_stm32f427xx.o(.text)
    SPI5_IRQHandler                          0x080001db   Thumb Code     0  startup_stm32f427xx.o(.text)
    SPI6_IRQHandler                          0x080001db   Thumb Code     0  startup_stm32f427xx.o(.text)
    TAMP_STAMP_IRQHandler                    0x080001db   Thumb Code     0  startup_stm32f427xx.o(.text)
    TIM1_BRK_TIM9_IRQHandler                 0x080001db   Thumb Code     0  startup_stm32f427xx.o(.text)
    TIM1_CC_IRQHandler                       0x080001db   Thumb Code     0  startup_stm32f427xx.o(.text)
    TIM1_TRG_COM_TIM11_IRQHandler            0x080001db   Thumb Code     0  startup_stm32f427xx.o(.text)
    TIM1_UP_TIM10_IRQHandler                 0x080001db   Thumb Code     0  startup_stm32f427xx.o(.text)
    TIM2_IRQHandler                          0x080001db   Thumb Code     0  startup_stm32f427xx.o(.text)
    TIM3_IRQHandler                          0x080001db   Thumb Code     0  startup_stm32f427xx.o(.text)
    TIM4_IRQHandler                          0x080001db   Thumb Code     0  startup_stm32f427xx.o(.text)
    TIM5_IRQHandler                          0x080001db   Thumb Code     0  startup_stm32f427xx.o(.text)
    TIM6_DAC_IRQHandler                      0x080001db   Thumb Code     0  startup_stm32f427xx.o(.text)
    TIM7_IRQHandler                          0x080001db   Thumb Code     0  startup_stm32f427xx.o(.text)
    TIM8_BRK_TIM12_IRQHandler                0x080001db   Thumb Code     0  startup_stm32f427xx.o(.text)
    TIM8_CC_IRQHandler                       0x080001db   Thumb Code     0  startup_stm32f427xx.o(.text)
    TIM8_TRG_COM_TIM14_IRQHandler            0x080001db   Thumb Code     0  startup_stm32f427xx.o(.text)
    TIM8_UP_TIM13_IRQHandler                 0x080001db   Thumb Code     0  startup_stm32f427xx.o(.text)
    UART4_IRQHandler                         0x080001db   Thumb Code     0  startup_stm32f427xx.o(.text)
    UART5_IRQHandler                         0x080001db   Thumb Code     0  startup_stm32f427xx.o(.text)
    UART7_IRQHandler                         0x080001db   Thumb Code     0  startup_stm32f427xx.o(.text)
    UART8_IRQHandler                         0x080001db   Thumb Code     0  startup_stm32f427xx.o(.text)
    USART1_IRQHandler                        0x080001db   Thumb Code     0  startup_stm32f427xx.o(.text)
    USART2_IRQHandler                        0x080001db   Thumb Code     0  startup_stm32f427xx.o(.text)
    USART3_IRQHandler                        0x080001db   Thumb Code     0  startup_stm32f427xx.o(.text)
    USART6_IRQHandler                        0x080001db   Thumb Code     0  startup_stm32f427xx.o(.text)
    WWDG_IRQHandler                          0x080001db   Thumb Code     0  startup_stm32f427xx.o(.text)
    __aeabi_uldivmod                         0x080001e5   Thumb Code    98  uldiv.o(.text)
    __aeabi_memset                           0x08000247   Thumb Code    14  memseta.o(.text)
    __aeabi_memset4                          0x08000247   Thumb Code     0  memseta.o(.text)
    __aeabi_memset8                          0x08000247   Thumb Code     0  memseta.o(.text)
    __aeabi_memclr                           0x08000255   Thumb Code     4  memseta.o(.text)
    __aeabi_memclr4                          0x08000255   Thumb Code     0  memseta.o(.text)
    __aeabi_memclr8                          0x08000255   Thumb Code     0  memseta.o(.text)
    _memset$wrapper                          0x08000259   Thumb Code    18  memseta.o(.text)
    __aeabi_dmul                             0x0800026b   Thumb Code   228  dmul.o(.text)
    __aeabi_ddiv                             0x0800034f   Thumb Code   222  ddiv.o(.text)
    __aeabi_ui2d                             0x0800042d   Thumb Code    26  dfltui.o(.text)
    __aeabi_f2d                              0x08000447   Thumb Code    38  f2d.o(.text)
    __aeabi_d2f                              0x0800046d   Thumb Code    56  d2f.o(.text)
    __aeabi_uidiv                            0x080004a5   Thumb Code     0  uidiv.o(.text)
    __aeabi_uidivmod                         0x080004a5   Thumb Code    44  uidiv.o(.text)
    __aeabi_llsl                             0x080004d1   Thumb Code    30  llshl.o(.text)
    _ll_shift_l                              0x080004d1   Thumb Code     0  llshl.o(.text)
    __aeabi_llsr                             0x080004ef   Thumb Code    32  llushr.o(.text)
    _ll_ushift_r                             0x080004ef   Thumb Code     0  llushr.o(.text)
    __I$use$fp                               0x0800050f   Thumb Code     0  iusefp.o(.text)
    _float_round                             0x0800050f   Thumb Code    18  fepilogue.o(.text)
    _float_epilogue                          0x08000521   Thumb Code    92  fepilogue.o(.text)
    _double_round                            0x0800057d   Thumb Code    30  depilogue.o(.text)
    _double_epilogue                         0x0800059b   Thumb Code   156  depilogue.o(.text)
    __aeabi_dadd                             0x08000637   Thumb Code   322  dadd.o(.text)
    __aeabi_dsub                             0x08000779   Thumb Code     6  dadd.o(.text)
    __aeabi_drsub                            0x0800077f   Thumb Code     6  dadd.o(.text)
    __aeabi_d2ulz                            0x08000785   Thumb Code    48  dfixul.o(.text)
    __aeabi_cdrcmple                         0x080007b5   Thumb Code    48  cdrcmple.o(.text)
    __scatterload                            0x080007e5   Thumb Code    28  init.o(.text)
    __scatterload_rt2                        0x080007e5   Thumb Code     0  init.o(.text)
    __aeabi_lasr                             0x08000809   Thumb Code    36  llsshr.o(.text)
    _ll_sshift_r                             0x08000809   Thumb Code     0  llsshr.o(.text)
    __decompress                             0x0800082d   Thumb Code     0  __dclz77c.o(.text)
    __decompress2                            0x0800082d   Thumb Code    94  __dclz77c.o(.text)
    BSP_SD_AbortCallback                     0x0800088b   Thumb Code     2  bsp_driver_sd.o(i.BSP_SD_AbortCallback)
    BSP_SD_GetCardInfo                       0x0800088d   Thumb Code     8  bsp_driver_sd.o(i.BSP_SD_GetCardInfo)
    BSP_SD_GetCardState                      0x08000899   Thumb Code    20  bsp_driver_sd.o(i.BSP_SD_GetCardState)
    BSP_SD_Init                              0x080008b1   Thumb Code    42  bsp_driver_sd.o(i.BSP_SD_Init)
    BSP_SD_IsDetected                        0x080008e1   Thumb Code    14  bsp_driver_sd.o(i.BSP_SD_IsDetected)
    BSP_SD_ReadBlocks_DMA                    0x080008f1   Thumb Code    24  bsp_driver_sd.o(i.BSP_SD_ReadBlocks_DMA)
    BSP_SD_ReadCpltCallback                  0x0800090d   Thumb Code     8  sd_diskio.o(i.BSP_SD_ReadCpltCallback)
    BSP_SD_WriteBlocks_DMA                   0x08000919   Thumb Code    24  bsp_driver_sd.o(i.BSP_SD_WriteBlocks_DMA)
    BSP_SD_WriteCpltCallback                 0x08000935   Thumb Code     8  sd_diskio.o(i.BSP_SD_WriteCpltCallback)
    BusFault_Handler                         0x08000941   Thumb Code     2  stm32f4xx_it.o(i.BusFault_Handler)
    DMA2_Stream3_IRQHandler                  0x08000945   Thumb Code     6  stm32f4xx_it.o(i.DMA2_Stream3_IRQHandler)
    DMA2_Stream6_IRQHandler                  0x08000951   Thumb Code     6  stm32f4xx_it.o(i.DMA2_Stream6_IRQHandler)
    DebugMon_Handler                         0x08000a01   Thumb Code     2  stm32f4xx_it.o(i.DebugMon_Handler)
    Error_Handler                            0x08000a03   Thumb Code     4  main.o(i.Error_Handler)
    FATFS_LinkDriver                         0x08000a07   Thumb Code     6  ff_gen_drv.o(i.FATFS_LinkDriver)
    FATFS_LinkDriverEx                       0x08000a0d   Thumb Code    58  ff_gen_drv.o(i.FATFS_LinkDriverEx)
    Fatfs_RW_test2                           0x08000a4d   Thumb Code   508  main.o(i.Fatfs_RW_test2)
    Get_CardInfo                             0x08000d69   Thumb Code   248  sdio.o(i.Get_CardInfo)
    HAL_DMA_Abort_IT                         0x08000fb5   Thumb Code    36  stm32f4xx_hal_dma.o(i.HAL_DMA_Abort_IT)
    HAL_DMA_GetError                         0x08000fd9   Thumb Code     4  stm32f4xx_hal_dma.o(i.HAL_DMA_GetError)
    HAL_DMA_IRQHandler                       0x08000fdd   Thumb Code   412  stm32f4xx_hal_dma.o(i.HAL_DMA_IRQHandler)
    HAL_DMA_Init                             0x0800117d   Thumb Code   206  stm32f4xx_hal_dma.o(i.HAL_DMA_Init)
    HAL_DMA_Start_IT                         0x08001251   Thumb Code   110  stm32f4xx_hal_dma.o(i.HAL_DMA_Start_IT)
    HAL_Delay                                0x080012c1   Thumb Code    32  stm32f4xx_hal.o(i.HAL_Delay)
    HAL_GPIO_Init                            0x080012e5   Thumb Code   508  stm32f4xx_hal_gpio.o(i.HAL_GPIO_Init)
    HAL_GPIO_WritePin                        0x08001515   Thumb Code    10  stm32f4xx_hal_gpio.o(i.HAL_GPIO_WritePin)
    HAL_GetTick                              0x08001521   Thumb Code     6  stm32f4xx_hal.o(i.HAL_GetTick)
    HAL_IncTick                              0x0800152d   Thumb Code    12  stm32f4xx_hal.o(i.HAL_IncTick)
    HAL_Init                                 0x0800153d   Thumb Code    48  stm32f4xx_hal.o(i.HAL_Init)
    HAL_InitTick                             0x08001571   Thumb Code    54  stm32f4xx_hal.o(i.HAL_InitTick)
    HAL_MspInit                              0x080015b1   Thumb Code    42  stm32f4xx_hal_msp.o(i.HAL_MspInit)
    HAL_NVIC_EnableIRQ                       0x080015e1   Thumb Code    26  stm32f4xx_hal_cortex.o(i.HAL_NVIC_EnableIRQ)
    HAL_NVIC_SetPriority                     0x080015fd   Thumb Code    60  stm32f4xx_hal_cortex.o(i.HAL_NVIC_SetPriority)
    HAL_NVIC_SetPriorityGrouping             0x0800163d   Thumb Code    26  stm32f4xx_hal_cortex.o(i.HAL_NVIC_SetPriorityGrouping)
    HAL_PWREx_EnableOverDrive                0x08001661   Thumb Code    98  stm32f4xx_hal_pwr_ex.o(i.HAL_PWREx_EnableOverDrive)
    HAL_RCC_ClockConfig                      0x080016d1   Thumb Code   288  stm32f4xx_hal_rcc.o(i.HAL_RCC_ClockConfig)
    HAL_RCC_GetPCLK1Freq                     0x08001805   Thumb Code    20  stm32f4xx_hal_rcc.o(i.HAL_RCC_GetPCLK1Freq)
    HAL_RCC_GetPCLK2Freq                     0x08001825   Thumb Code    20  stm32f4xx_hal_rcc.o(i.HAL_RCC_GetPCLK2Freq)
    HAL_RCC_GetSysClockFreq                  0x08001845   Thumb Code    88  stm32f4xx_hal_rcc.o(i.HAL_RCC_GetSysClockFreq)
    HAL_RCC_OscConfig                        0x080018a9   Thumb Code   856  stm32f4xx_hal_rcc.o(i.HAL_RCC_OscConfig)
    HAL_SD_AbortCallback                     0x08001c15   Thumb Code     8  bsp_driver_sd.o(i.HAL_SD_AbortCallback)
    HAL_SD_ConfigWideBusOperation            0x08001c1d   Thumb Code   276  stm32f4xx_hal_sd.o(i.HAL_SD_ConfigWideBusOperation)
    HAL_SD_ErrorCallback                     0x08001d35   Thumb Code     2  stm32f4xx_hal_sd.o(i.HAL_SD_ErrorCallback)
    HAL_SD_GetCardCID                        0x08001d37   Thumb Code    80  stm32f4xx_hal_sd.o(i.HAL_SD_GetCardCID)
    HAL_SD_GetCardCSD                        0x08001d89   Thumb Code   402  stm32f4xx_hal_sd.o(i.HAL_SD_GetCardCSD)
    HAL_SD_GetCardInfo                       0x08001f21   Thumb Code    36  stm32f4xx_hal_sd.o(i.HAL_SD_GetCardInfo)
    HAL_SD_GetCardState                      0x08001f45   Thumb Code    44  stm32f4xx_hal_sd.o(i.HAL_SD_GetCardState)
    HAL_SD_IRQHandler                        0x08001f71   Thumb Code   512  stm32f4xx_hal_sd.o(i.HAL_SD_IRQHandler)
    HAL_SD_Init                              0x08002179   Thumb Code    54  stm32f4xx_hal_sd.o(i.HAL_SD_Init)
    HAL_SD_InitCard                          0x080021b1   Thumb Code   108  stm32f4xx_hal_sd.o(i.HAL_SD_InitCard)
    HAL_SD_MspInit                           0x08002225   Thumb Code   300  sdio.o(i.HAL_SD_MspInit)
    HAL_SD_ReadBlocks_DMA                    0x08002369   Thumb Code   276  stm32f4xx_hal_sd.o(i.HAL_SD_ReadBlocks_DMA)
    HAL_SD_RxCpltCallback                    0x0800248d   Thumb Code     8  bsp_driver_sd.o(i.HAL_SD_RxCpltCallback)
    HAL_SD_TxCpltCallback                    0x08002495   Thumb Code     8  bsp_driver_sd.o(i.HAL_SD_TxCpltCallback)
    HAL_SD_WriteBlocks_DMA                   0x0800249d   Thumb Code   270  stm32f4xx_hal_sd.o(i.HAL_SD_WriteBlocks_DMA)
    HAL_SYSTICK_Config                       0x080025bd   Thumb Code    40  stm32f4xx_hal_cortex.o(i.HAL_SYSTICK_Config)
    HAL_UART_Init                            0x080025e5   Thumb Code    98  stm32f4xx_hal_uart.o(i.HAL_UART_Init)
    HAL_UART_MspInit                         0x08002649   Thumb Code    94  usart.o(i.HAL_UART_MspInit)
    HAL_UART_Transmit                        0x080026b5   Thumb Code   178  stm32f4xx_hal_uart.o(i.HAL_UART_Transmit)
    HardFault_Handler                        0x08002767   Thumb Code     2  stm32f4xx_it.o(i.HardFault_Handler)
    MX_DMA_Init                              0x08002769   Thumb Code    56  dma.o(i.MX_DMA_Init)
    MX_FATFS_Init                            0x080027a5   Thumb Code    18  fatfs.o(i.MX_FATFS_Init)
    MX_GPIO_Init                             0x080027c1   Thumb Code   200  gpio.o(i.MX_GPIO_Init)
    MX_SDIO_SD_Init                          0x08002899   Thumb Code    26  sdio.o(i.MX_SDIO_SD_Init)
    MX_UART7_Init                            0x080028c1   Thumb Code    48  usart.o(i.MX_UART7_Init)
    MemManage_Handler                        0x080028f9   Thumb Code     2  stm32f4xx_it.o(i.MemManage_Handler)
    NMI_Handler                              0x080028fb   Thumb Code     2  stm32f4xx_it.o(i.NMI_Handler)
    PendSV_Handler                           0x080028fd   Thumb Code     2  stm32f4xx_it.o(i.PendSV_Handler)
    SDIO_ConfigData                          0x080028ff   Thumb Code    36  stm32f4xx_ll_sdmmc.o(i.SDIO_ConfigData)
    SDIO_GetPowerState                       0x08002923   Thumb Code     8  stm32f4xx_ll_sdmmc.o(i.SDIO_GetPowerState)
    SDIO_GetResponse                         0x0800292b   Thumb Code     6  stm32f4xx_ll_sdmmc.o(i.SDIO_GetResponse)
    SDIO_IRQHandler                          0x08002931   Thumb Code     6  stm32f4xx_it.o(i.SDIO_IRQHandler)
    SDIO_Init                                0x0800293d   Thumb Code    36  stm32f4xx_ll_sdmmc.o(i.SDIO_Init)
    SDIO_PowerState_ON                       0x08002961   Thumb Code    16  stm32f4xx_ll_sdmmc.o(i.SDIO_PowerState_ON)
    SDIO_ReadFIFO                            0x08002971   Thumb Code     6  stm32f4xx_ll_sdmmc.o(i.SDIO_ReadFIFO)
    SDIO_SendCommand                         0x08002977   Thumb Code    32  stm32f4xx_ll_sdmmc.o(i.SDIO_SendCommand)
    SDIO_WriteFIFO                           0x08002997   Thumb Code    10  stm32f4xx_ll_sdmmc.o(i.SDIO_WriteFIFO)
    SDMMC_CmdAppCommand                      0x080029a1   Thumb Code    50  stm32f4xx_ll_sdmmc.o(i.SDMMC_CmdAppCommand)
    SDMMC_CmdAppOperCommand                  0x080029d5   Thumb Code    48  stm32f4xx_ll_sdmmc.o(i.SDMMC_CmdAppOperCommand)
    SDMMC_CmdBlockLength                     0x08002a09   Thumb Code    50  stm32f4xx_ll_sdmmc.o(i.SDMMC_CmdBlockLength)
    SDMMC_CmdBusWidth                        0x08002a3b   Thumb Code    50  stm32f4xx_ll_sdmmc.o(i.SDMMC_CmdBusWidth)
    SDMMC_CmdGoIdleState                     0x08002a6d   Thumb Code    74  stm32f4xx_ll_sdmmc.o(i.SDMMC_CmdGoIdleState)
    SDMMC_CmdOperCond                        0x08002abd   Thumb Code   112  stm32f4xx_ll_sdmmc.o(i.SDMMC_CmdOperCond)
    SDMMC_CmdReadMultiBlock                  0x08002b31   Thumb Code    50  stm32f4xx_ll_sdmmc.o(i.SDMMC_CmdReadMultiBlock)
    SDMMC_CmdReadSingleBlock                 0x08002b63   Thumb Code    50  stm32f4xx_ll_sdmmc.o(i.SDMMC_CmdReadSingleBlock)
    SDMMC_CmdSelDesel                        0x08002b95   Thumb Code    50  stm32f4xx_ll_sdmmc.o(i.SDMMC_CmdSelDesel)
    SDMMC_CmdSendCID                         0x08002bc7   Thumb Code    44  stm32f4xx_ll_sdmmc.o(i.SDMMC_CmdSendCID)
    SDMMC_CmdSendCSD                         0x08002bf3   Thumb Code    44  stm32f4xx_ll_sdmmc.o(i.SDMMC_CmdSendCSD)
    SDMMC_CmdSendSCR                         0x08002c1f   Thumb Code    48  stm32f4xx_ll_sdmmc.o(i.SDMMC_CmdSendSCR)
    SDMMC_CmdSendStatus                      0x08002c4f   Thumb Code    50  stm32f4xx_ll_sdmmc.o(i.SDMMC_CmdSendStatus)
    SDMMC_CmdSetRelAdd                       0x08002c81   Thumb Code    48  stm32f4xx_ll_sdmmc.o(i.SDMMC_CmdSetRelAdd)
    SDMMC_CmdStopTransfer                    0x08002cb1   Thumb Code    46  stm32f4xx_ll_sdmmc.o(i.SDMMC_CmdStopTransfer)
    SDMMC_CmdWriteMultiBlock                 0x08002ce5   Thumb Code    50  stm32f4xx_ll_sdmmc.o(i.SDMMC_CmdWriteMultiBlock)
    SDMMC_CmdWriteSingleBlock                0x08002d17   Thumb Code    50  stm32f4xx_ll_sdmmc.o(i.SDMMC_CmdWriteSingleBlock)
    SD_initialize                            0x08003381   Thumb Code    24  sd_diskio.o(i.SD_initialize)
    SD_ioctl                                 0x0800339d   Thumb Code    76  sd_diskio.o(i.SD_ioctl)
    SD_read                                  0x080033ed   Thumb Code   114  sd_diskio.o(i.SD_read)
    SD_status                                0x08003465   Thumb Code     4  sd_diskio.o(i.SD_status)
    SD_write                                 0x08003469   Thumb Code   114  sd_diskio.o(i.SD_write)
    SVC_Handler                              0x080034e1   Thumb Code     2  stm32f4xx_it.o(i.SVC_Handler)
    SysTick_Handler                          0x080034e3   Thumb Code     4  stm32f4xx_it.o(i.SysTick_Handler)
    SystemClock_Config                       0x080034e9   Thumb Code   154  main.o(i.SystemClock_Config)
    SystemInit                               0x0800358d   Thumb Code    12  system_stm32f4xx.o(i.SystemInit)
    UsageFault_Handler                       0x0800370d   Thumb Code     2  stm32f4xx_it.o(i.UsageFault_Handler)
    __0printf                                0x08003711   Thumb Code    22  printfa.o(i.__0printf)
    __1printf                                0x08003711   Thumb Code     0  printfa.o(i.__0printf)
    __2printf                                0x08003711   Thumb Code     0  printfa.o(i.__0printf)
    __c89printf                              0x08003711   Thumb Code     0  printfa.o(i.__0printf)
    printf                                   0x08003711   Thumb Code     0  printfa.o(i.__0printf)
    __0sprintf                               0x08003731   Thumb Code    34  printfa.o(i.__0sprintf)
    __1sprintf                               0x08003731   Thumb Code     0  printfa.o(i.__0sprintf)
    __2sprintf                               0x08003731   Thumb Code     0  printfa.o(i.__0sprintf)
    __c89sprintf                             0x08003731   Thumb Code     0  printfa.o(i.__0sprintf)
    sprintf                                  0x08003731   Thumb Code     0  printfa.o(i.__0sprintf)
    __scatterload_copy                       0x08003779   Thumb Code    14  handlers.o(i.__scatterload_copy)
    __scatterload_null                       0x08003787   Thumb Code     2  handlers.o(i.__scatterload_null)
    __scatterload_zeroinit                   0x08003789   Thumb Code    14  handlers.o(i.__scatterload_zeroinit)
    disk_initialize                          0x08004955   Thumb Code    36  diskio.o(i.disk_initialize)
    disk_ioctl                               0x0800497d   Thumb Code    24  diskio.o(i.disk_ioctl)
    disk_read                                0x08004999   Thumb Code    24  diskio.o(i.disk_read)
    disk_status                              0x080049b5   Thumb Code    18  diskio.o(i.disk_status)
    disk_write                               0x080049cd   Thumb Code    24  diskio.o(i.disk_write)
    f_close                                  0x080049e9   Thumb Code    40  ff.o(i.f_close)
    f_lseek                                  0x08004a11   Thumb Code   530  ff.o(i.f_lseek)
    f_mount                                  0x08004c25   Thumb Code    84  ff.o(i.f_mount)
    f_open                                   0x08004c7d   Thumb Code   528  ff.o(i.f_open)
    f_sync                                   0x08004e91   Thumb Code   142  ff.o(i.f_sync)
    f_write                                  0x08004f1f   Thumb Code   398  ff.o(i.f_write)
    ff_convert                               0x080050ad   Thumb Code    68  cc936.o(i.ff_convert)
    ff_wtoupper                              0x080050f9   Thumb Code   120  cc936.o(i.ff_wtoupper)
    fputc                                    0x08005441   Thumb Code    20  usart.o(i.fputc)
    get_fattime                              0x080055a3   Thumb Code     4  fatfs.o(i.get_fattime)
    main                                     0x080056ad   Thumb Code    44  main.o(i.main)
    AHBPrescTable                            0x08005a20   Data          16  system_stm32f4xx.o(.constdata)
    APBPrescTable                            0x08005a30   Data           8  system_stm32f4xx.o(.constdata)
    SD_Driver                                0x08005a38   Data          20  sd_diskio.o(.constdata)
    Region$$Table$$Base                      0x08030688   Number         0  anon$$obj.o(Region$$Table)
    Region$$Table$$Limit                     0x080306b8   Number         0  anon$$obj.o(Region$$Table)
    sd_status                                0x10000000   Data           1  main.o(.data)
    test_status                              0x10000001   Data           1  main.o(.data)
    byteswritten                             0x10000004   Data           4  main.o(.data)
    bytesread                                0x10000008   Data           4  main.o(.data)
    wtext                                    0x1000000c   Data       16935  main.o(.data)
    filename                                 0x10004233   Data          14  main.o(.data)
    sdioclkdiv                               0x10004241   Data           1  sdio.o(.data)
    uwTickFreq                               0x10004244   Data           1  stm32f4xx_hal.o(.data)
    uwTickPrio                               0x10004248   Data           4  stm32f4xx_hal.o(.data)
    uwTick                                   0x1000424c   Data           4  stm32f4xx_hal.o(.data)
    SystemCoreClock                          0x10004250   Data           4  system_stm32f4xx.o(.data)
    retSD                                    0x10004260   Data           1  fatfs.o(.data)
    SDPath                                   0x10004261   Data           4  fatfs.o(.data)
    __stdout                                 0x10004270   Data           4  stdout.o(.data)
    hsd                                      0x10004274   Data         132  sdio.o(.bss)
    hdma_sdio_rx                             0x100042f8   Data          96  sdio.o(.bss)
    hdma_sdio_tx                             0x10004358   Data          96  sdio.o(.bss)
    huart7                                   0x100043b8   Data          68  usart.o(.bss)
    disk                                     0x1000441c   Data          12  ff_gen_drv.o(.bss)
    __initial_sp                             0x10005428   Data           0  startup_stm32f427xx.o(STACK)
    Buffer_Block_Tx                          0x20000000   Data       16384  main.o(.bss)
    Buffer_Block_Rx                          0x20004000   Data       16384  main.o(.bss)
    fs                                       0x20008000   Data         564  main.o(.bss)
    fil                                      0x20008234   Data         560  main.o(.bss)
    ha_dat                                   0x20008464   Data         512  main.o(.bss)
    rtext                                    0x20008664   Data         100  main.o(.bss)
    dat_ascii                                0x200086c8   Data       131200  main.o(.bss)



==============================================================================

Memory Map of the image

  Image Entry point : 0x080001ad

  Load Region LR_IROM1 (Base: 0x08000000, Size: 0x0003492c, Max: 0x00200000, ABSOLUTE, COMPRESSED[0x000307c8])

    Execution Region ER_IROM1 (Exec base: 0x08000000, Load base: 0x08000000, Size: 0x000306b8, Max: 0x00200000, ABSOLUTE)

    Exec Addr    Load Addr    Size         Type   Attr      Idx    E Section Name        Object

    0x08000000   0x08000000   0x000001ac   Data   RO            3    RESET               startup_stm32f427xx.o
    0x080001ac   0x080001ac   0x00000000   Code   RO         3403  * .ARM.Collect$$$$00000000  mc_w.l(entry.o)
    0x080001ac   0x080001ac   0x00000004   Code   RO         3681    .ARM.Collect$$$$00000001  mc_w.l(entry2.o)
    0x080001b0   0x080001b0   0x00000004   Code   RO         3684    .ARM.Collect$$$$00000004  mc_w.l(entry5.o)
    0x080001b4   0x080001b4   0x00000000   Code   RO         3686    .ARM.Collect$$$$00000008  mc_w.l(entry7b.o)
    0x080001b4   0x080001b4   0x00000000   Code   RO         3688    .ARM.Collect$$$$0000000A  mc_w.l(entry8b.o)
    0x080001b4   0x080001b4   0x00000008   Code   RO         3689    .ARM.Collect$$$$0000000B  mc_w.l(entry9a.o)
    0x080001bc   0x080001bc   0x00000000   Code   RO         3691    .ARM.Collect$$$$0000000D  mc_w.l(entry10a.o)
    0x080001bc   0x080001bc   0x00000000   Code   RO         3693    .ARM.Collect$$$$0000000F  mc_w.l(entry11a.o)
    0x080001bc   0x080001bc   0x00000004   Code   RO         3682    .ARM.Collect$$$$00002712  mc_w.l(entry2.o)
    0x080001c0   0x080001c0   0x00000024   Code   RO            4    .text               startup_stm32f427xx.o
    0x080001e4   0x080001e4   0x00000062   Code   RO         3406    .text               mc_w.l(uldiv.o)
    0x08000246   0x08000246   0x00000024   Code   RO         3408    .text               mc_w.l(memseta.o)
    0x0800026a   0x0800026a   0x000000e4   Code   RO         3671    .text               mf_w.l(dmul.o)
    0x0800034e   0x0800034e   0x000000de   Code   RO         3673    .text               mf_w.l(ddiv.o)
    0x0800042c   0x0800042c   0x0000001a   Code   RO         3675    .text               mf_w.l(dfltui.o)
    0x08000446   0x08000446   0x00000026   Code   RO         3677    .text               mf_w.l(f2d.o)
    0x0800046c   0x0800046c   0x00000038   Code   RO         3679    .text               mf_w.l(d2f.o)
    0x080004a4   0x080004a4   0x0000002c   Code   RO         3696    .text               mc_w.l(uidiv.o)
    0x080004d0   0x080004d0   0x0000001e   Code   RO         3698    .text               mc_w.l(llshl.o)
    0x080004ee   0x080004ee   0x00000020   Code   RO         3700    .text               mc_w.l(llushr.o)
    0x0800050e   0x0800050e   0x00000000   Code   RO         3702    .text               mc_w.l(iusefp.o)
    0x0800050e   0x0800050e   0x0000006e   Code   RO         3703    .text               mf_w.l(fepilogue.o)
    0x0800057c   0x0800057c   0x000000ba   Code   RO         3705    .text               mf_w.l(depilogue.o)
    0x08000636   0x08000636   0x0000014e   Code   RO         3707    .text               mf_w.l(dadd.o)
    0x08000784   0x08000784   0x00000030   Code   RO         3709    .text               mf_w.l(dfixul.o)
    0x080007b4   0x080007b4   0x00000030   Code   RO         3711    .text               mf_w.l(cdrcmple.o)
    0x080007e4   0x080007e4   0x00000024   Code   RO         3713    .text               mc_w.l(init.o)
    0x08000808   0x08000808   0x00000024   Code   RO         3715    .text               mc_w.l(llsshr.o)
    0x0800082c   0x0800082c   0x0000005e   Code   RO         3725    .text               mc_w.l(__dclz77c.o)
    0x0800088a   0x0800088a   0x00000002   Code   RO         2648    i.BSP_SD_AbortCallback  bsp_driver_sd.o
    0x0800088c   0x0800088c   0x0000000c   Code   RO         2651    i.BSP_SD_GetCardInfo  bsp_driver_sd.o
    0x08000898   0x08000898   0x00000018   Code   RO         2652    i.BSP_SD_GetCardState  bsp_driver_sd.o
    0x080008b0   0x080008b0   0x00000030   Code   RO         2654    i.BSP_SD_Init       bsp_driver_sd.o
    0x080008e0   0x080008e0   0x0000000e   Code   RO         2655    i.BSP_SD_IsDetected  bsp_driver_sd.o
    0x080008ee   0x080008ee   0x00000002   PAD
    0x080008f0   0x080008f0   0x0000001c   Code   RO         2657    i.BSP_SD_ReadBlocks_DMA  bsp_driver_sd.o
    0x0800090c   0x0800090c   0x0000000c   Code   RO         2769    i.BSP_SD_ReadCpltCallback  sd_diskio.o
    0x08000918   0x08000918   0x0000001c   Code   RO         2660    i.BSP_SD_WriteBlocks_DMA  bsp_driver_sd.o
    0x08000934   0x08000934   0x0000000c   Code   RO         2770    i.BSP_SD_WriteCpltCallback  sd_diskio.o
    0x08000940   0x08000940   0x00000002   Code   RO          390    i.BusFault_Handler  stm32f4xx_it.o
    0x08000942   0x08000942   0x00000002   PAD
    0x08000944   0x08000944   0x0000000c   Code   RO          391    i.DMA2_Stream3_IRQHandler  stm32f4xx_it.o
    0x08000950   0x08000950   0x0000000c   Code   RO          392    i.DMA2_Stream6_IRQHandler  stm32f4xx_it.o
    0x0800095c   0x0800095c   0x00000028   Code   RO         1019    i.DMA_CalcBaseAndBitshift  stm32f4xx_hal_dma.o
    0x08000984   0x08000984   0x00000054   Code   RO         1020    i.DMA_CheckFifoParam  stm32f4xx_hal_dma.o
    0x080009d8   0x080009d8   0x00000028   Code   RO         1021    i.DMA_SetConfig     stm32f4xx_hal_dma.o
    0x08000a00   0x08000a00   0x00000002   Code   RO          393    i.DebugMon_Handler  stm32f4xx_it.o
    0x08000a02   0x08000a02   0x00000004   Code   RO           14    i.Error_Handler     main.o
    0x08000a06   0x08000a06   0x00000006   Code   RO         3300    i.FATFS_LinkDriver  ff_gen_drv.o
    0x08000a0c   0x08000a0c   0x00000040   Code   RO         3301    i.FATFS_LinkDriverEx  ff_gen_drv.o
    0x08000a4c   0x08000a4c   0x0000031c   Code   RO           16    i.Fatfs_RW_test2    main.o
    0x08000d68   0x08000d68   0x0000024c   Code   RO          293    i.Get_CardInfo      sdio.o
    0x08000fb4   0x08000fb4   0x00000024   Code   RO         1023    i.HAL_DMA_Abort_IT  stm32f4xx_hal_dma.o
    0x08000fd8   0x08000fd8   0x00000004   Code   RO         1025    i.HAL_DMA_GetError  stm32f4xx_hal_dma.o
    0x08000fdc   0x08000fdc   0x000001a0   Code   RO         1027    i.HAL_DMA_IRQHandler  stm32f4xx_hal_dma.o
    0x0800117c   0x0800117c   0x000000d4   Code   RO         1028    i.HAL_DMA_Init      stm32f4xx_hal_dma.o
    0x08001250   0x08001250   0x0000006e   Code   RO         1032    i.HAL_DMA_Start_IT  stm32f4xx_hal_dma.o
    0x080012be   0x080012be   0x00000002   PAD
    0x080012c0   0x080012c0   0x00000024   Code   RO         1459    i.HAL_Delay         stm32f4xx_hal.o
    0x080012e4   0x080012e4   0x00000230   Code   RO          915    i.HAL_GPIO_Init     stm32f4xx_hal_gpio.o
    0x08001514   0x08001514   0x0000000a   Code   RO          919    i.HAL_GPIO_WritePin  stm32f4xx_hal_gpio.o
    0x0800151e   0x0800151e   0x00000002   PAD
    0x08001520   0x08001520   0x0000000c   Code   RO         1467    i.HAL_GetTick       stm32f4xx_hal.o
    0x0800152c   0x0800152c   0x00000010   Code   RO         1473    i.HAL_IncTick       stm32f4xx_hal.o
    0x0800153c   0x0800153c   0x00000034   Code   RO         1474    i.HAL_Init          stm32f4xx_hal.o
    0x08001570   0x08001570   0x00000040   Code   RO         1475    i.HAL_InitTick      stm32f4xx_hal.o
    0x080015b0   0x080015b0   0x00000030   Code   RO          484    i.HAL_MspInit       stm32f4xx_hal_msp.o
    0x080015e0   0x080015e0   0x0000001a   Code   RO         1322    i.HAL_NVIC_EnableIRQ  stm32f4xx_hal_cortex.o
    0x080015fa   0x080015fa   0x00000002   PAD
    0x080015fc   0x080015fc   0x00000040   Code   RO         1328    i.HAL_NVIC_SetPriority  stm32f4xx_hal_cortex.o
    0x0800163c   0x0800163c   0x00000024   Code   RO         1329    i.HAL_NVIC_SetPriorityGrouping  stm32f4xx_hal_cortex.o
    0x08001660   0x08001660   0x00000070   Code   RO         1251    i.HAL_PWREx_EnableOverDrive  stm32f4xx_hal_pwr_ex.o
    0x080016d0   0x080016d0   0x00000134   Code   RO          509    i.HAL_RCC_ClockConfig  stm32f4xx_hal_rcc.o
    0x08001804   0x08001804   0x00000020   Code   RO          516    i.HAL_RCC_GetPCLK1Freq  stm32f4xx_hal_rcc.o
    0x08001824   0x08001824   0x00000020   Code   RO          517    i.HAL_RCC_GetPCLK2Freq  stm32f4xx_hal_rcc.o
    0x08001844   0x08001844   0x00000064   Code   RO          518    i.HAL_RCC_GetSysClockFreq  stm32f4xx_hal_rcc.o
    0x080018a8   0x080018a8   0x0000036c   Code   RO          521    i.HAL_RCC_OscConfig  stm32f4xx_hal_rcc.o
    0x08001c14   0x08001c14   0x00000008   Code   RO         2662    i.HAL_SD_AbortCallback  bsp_driver_sd.o
    0x08001c1c   0x08001c1c   0x00000118   Code   RO         1995    i.HAL_SD_ConfigWideBusOperation  stm32f4xx_hal_sd.o
    0x08001d34   0x08001d34   0x00000002   Code   RO         1998    i.HAL_SD_ErrorCallback  stm32f4xx_hal_sd.o
    0x08001d36   0x08001d36   0x00000050   Code   RO         1999    i.HAL_SD_GetCardCID  stm32f4xx_hal_sd.o
    0x08001d86   0x08001d86   0x00000002   PAD
    0x08001d88   0x08001d88   0x00000198   Code   RO         2000    i.HAL_SD_GetCardCSD  stm32f4xx_hal_sd.o
    0x08001f20   0x08001f20   0x00000024   Code   RO         2001    i.HAL_SD_GetCardInfo  stm32f4xx_hal_sd.o
    0x08001f44   0x08001f44   0x0000002c   Code   RO         2002    i.HAL_SD_GetCardState  stm32f4xx_hal_sd.o
    0x08001f70   0x08001f70   0x00000208   Code   RO         2006    i.HAL_SD_IRQHandler  stm32f4xx_hal_sd.o
    0x08002178   0x08002178   0x00000036   Code   RO         2007    i.HAL_SD_Init       stm32f4xx_hal_sd.o
    0x080021ae   0x080021ae   0x00000002   PAD
    0x080021b0   0x080021b0   0x00000074   Code   RO         2008    i.HAL_SD_InitCard   stm32f4xx_hal_sd.o
    0x08002224   0x08002224   0x00000144   Code   RO          295    i.HAL_SD_MspInit    sdio.o
    0x08002368   0x08002368   0x00000124   Code   RO         2012    i.HAL_SD_ReadBlocks_DMA  stm32f4xx_hal_sd.o
    0x0800248c   0x0800248c   0x00000008   Code   RO         2663    i.HAL_SD_RxCpltCallback  bsp_driver_sd.o
    0x08002494   0x08002494   0x00000008   Code   RO         2664    i.HAL_SD_TxCpltCallback  bsp_driver_sd.o
    0x0800249c   0x0800249c   0x00000120   Code   RO         2017    i.HAL_SD_WriteBlocks_DMA  stm32f4xx_hal_sd.o
    0x080025bc   0x080025bc   0x00000028   Code   RO         1333    i.HAL_SYSTICK_Config  stm32f4xx_hal_cortex.o
    0x080025e4   0x080025e4   0x00000062   Code   RO         2282    i.HAL_UART_Init     stm32f4xx_hal_uart.o
    0x08002646   0x08002646   0x00000002   PAD
    0x08002648   0x08002648   0x0000006c   Code   RO          343    i.HAL_UART_MspInit  usart.o
    0x080026b4   0x080026b4   0x000000b2   Code   RO         2290    i.HAL_UART_Transmit  stm32f4xx_hal_uart.o
    0x08002766   0x08002766   0x00000002   Code   RO          394    i.HardFault_Handler  stm32f4xx_it.o
    0x08002768   0x08002768   0x0000003c   Code   RO          269    i.MX_DMA_Init       dma.o
    0x080027a4   0x080027a4   0x0000001c   Code   RO         2846    i.MX_FATFS_Init     fatfs.o
    0x080027c0   0x080027c0   0x000000d8   Code   RO          245    i.MX_GPIO_Init      gpio.o
    0x08002898   0x08002898   0x00000028   Code   RO          296    i.MX_SDIO_SD_Init   sdio.o
    0x080028c0   0x080028c0   0x00000038   Code   RO          344    i.MX_UART7_Init     usart.o
    0x080028f8   0x080028f8   0x00000002   Code   RO          395    i.MemManage_Handler  stm32f4xx_it.o
    0x080028fa   0x080028fa   0x00000002   Code   RO          396    i.NMI_Handler       stm32f4xx_it.o
    0x080028fc   0x080028fc   0x00000002   Code   RO          397    i.PendSV_Handler    stm32f4xx_it.o
    0x080028fe   0x080028fe   0x00000024   Code   RO         1722    i.SDIO_ConfigData   stm32f4xx_ll_sdmmc.o
    0x08002922   0x08002922   0x00000008   Code   RO         1726    i.SDIO_GetPowerState  stm32f4xx_ll_sdmmc.o
    0x0800292a   0x0800292a   0x00000006   Code   RO         1727    i.SDIO_GetResponse  stm32f4xx_ll_sdmmc.o
    0x08002930   0x08002930   0x0000000c   Code   RO          398    i.SDIO_IRQHandler   stm32f4xx_it.o
    0x0800293c   0x0800293c   0x00000024   Code   RO         1728    i.SDIO_Init         stm32f4xx_ll_sdmmc.o
    0x08002960   0x08002960   0x00000010   Code   RO         1730    i.SDIO_PowerState_ON  stm32f4xx_ll_sdmmc.o
    0x08002970   0x08002970   0x00000006   Code   RO         1731    i.SDIO_ReadFIFO     stm32f4xx_ll_sdmmc.o
    0x08002976   0x08002976   0x00000020   Code   RO         1732    i.SDIO_SendCommand  stm32f4xx_ll_sdmmc.o
    0x08002996   0x08002996   0x0000000a   Code   RO         1734    i.SDIO_WriteFIFO    stm32f4xx_ll_sdmmc.o
    0x080029a0   0x080029a0   0x00000032   Code   RO         1735    i.SDMMC_CmdAppCommand  stm32f4xx_ll_sdmmc.o
    0x080029d2   0x080029d2   0x00000002   PAD
    0x080029d4   0x080029d4   0x00000034   Code   RO         1736    i.SDMMC_CmdAppOperCommand  stm32f4xx_ll_sdmmc.o
    0x08002a08   0x08002a08   0x00000032   Code   RO         1737    i.SDMMC_CmdBlockLength  stm32f4xx_ll_sdmmc.o
    0x08002a3a   0x08002a3a   0x00000032   Code   RO         1738    i.SDMMC_CmdBusWidth  stm32f4xx_ll_sdmmc.o
    0x08002a6c   0x08002a6c   0x00000050   Code   RO         1742    i.SDMMC_CmdGoIdleState  stm32f4xx_ll_sdmmc.o
    0x08002abc   0x08002abc   0x00000074   Code   RO         1744    i.SDMMC_CmdOperCond  stm32f4xx_ll_sdmmc.o
    0x08002b30   0x08002b30   0x00000032   Code   RO         1745    i.SDMMC_CmdReadMultiBlock  stm32f4xx_ll_sdmmc.o
    0x08002b62   0x08002b62   0x00000032   Code   RO         1746    i.SDMMC_CmdReadSingleBlock  stm32f4xx_ll_sdmmc.o
    0x08002b94   0x08002b94   0x00000032   Code   RO         1749    i.SDMMC_CmdSelDesel  stm32f4xx_ll_sdmmc.o
    0x08002bc6   0x08002bc6   0x0000002c   Code   RO         1750    i.SDMMC_CmdSendCID  stm32f4xx_ll_sdmmc.o
    0x08002bf2   0x08002bf2   0x0000002c   Code   RO         1751    i.SDMMC_CmdSendCSD  stm32f4xx_ll_sdmmc.o
    0x08002c1e   0x08002c1e   0x00000030   Code   RO         1753    i.SDMMC_CmdSendSCR  stm32f4xx_ll_sdmmc.o
    0x08002c4e   0x08002c4e   0x00000032   Code   RO         1754    i.SDMMC_CmdSendStatus  stm32f4xx_ll_sdmmc.o
    0x08002c80   0x08002c80   0x00000030   Code   RO         1755    i.SDMMC_CmdSetRelAdd  stm32f4xx_ll_sdmmc.o
    0x08002cb0   0x08002cb0   0x00000034   Code   RO         1757    i.SDMMC_CmdStopTransfer  stm32f4xx_ll_sdmmc.o
    0x08002ce4   0x08002ce4   0x00000032   Code   RO         1759    i.SDMMC_CmdWriteMultiBlock  stm32f4xx_ll_sdmmc.o
    0x08002d16   0x08002d16   0x00000032   Code   RO         1760    i.SDMMC_CmdWriteSingleBlock  stm32f4xx_ll_sdmmc.o
    0x08002d48   0x08002d48   0x00000120   Code   RO         1761    i.SDMMC_GetCmdResp1  stm32f4xx_ll_sdmmc.o
    0x08002e68   0x08002e68   0x00000050   Code   RO         1762    i.SDMMC_GetCmdResp2  stm32f4xx_ll_sdmmc.o
    0x08002eb8   0x08002eb8   0x00000044   Code   RO         1763    i.SDMMC_GetCmdResp3  stm32f4xx_ll_sdmmc.o
    0x08002efc   0x08002efc   0x00000088   Code   RO         1764    i.SDMMC_GetCmdResp6  stm32f4xx_ll_sdmmc.o
    0x08002f84   0x08002f84   0x00000020   Code   RO         2771    i.SD_CheckStatus    sd_diskio.o
    0x08002fa4   0x08002fa4   0x00000024   Code   RO         2772    i.SD_CheckStatusWithTimeout  sd_diskio.o
    0x08002fc8   0x08002fc8   0x00000064   Code   RO         2019    i.SD_DMAError       stm32f4xx_hal_sd.o
    0x0800302c   0x0800302c   0x00000042   Code   RO         2020    i.SD_DMAReceiveCplt  stm32f4xx_hal_sd.o
    0x0800306e   0x0800306e   0x00000044   Code   RO         2021    i.SD_DMARxAbort     stm32f4xx_hal_sd.o
    0x080030b2   0x080030b2   0x0000000e   Code   RO         2022    i.SD_DMATransmitCplt  stm32f4xx_hal_sd.o
    0x080030c0   0x080030c0   0x00000044   Code   RO         2023    i.SD_DMATxAbort     stm32f4xx_hal_sd.o
    0x08003104   0x08003104   0x000000da   Code   RO         2024    i.SD_FindSCR        stm32f4xx_hal_sd.o
    0x080031de   0x080031de   0x000000ee   Code   RO         2025    i.SD_InitCard       stm32f4xx_hal_sd.o
    0x080032cc   0x080032cc   0x000000b4   Code   RO         2026    i.SD_PowerON        stm32f4xx_hal_sd.o
    0x08003380   0x08003380   0x0000001c   Code   RO         2773    i.SD_initialize     sd_diskio.o
    0x0800339c   0x0800339c   0x00000050   Code   RO         2774    i.SD_ioctl          sd_diskio.o
    0x080033ec   0x080033ec   0x00000078   Code   RO         2775    i.SD_read           sd_diskio.o
    0x08003464   0x08003464   0x00000004   Code   RO         2776    i.SD_status         sd_diskio.o
    0x08003468   0x08003468   0x00000078   Code   RO         2777    i.SD_write          sd_diskio.o
    0x080034e0   0x080034e0   0x00000002   Code   RO          399    i.SVC_Handler       stm32f4xx_it.o
    0x080034e2   0x080034e2   0x00000004   Code   RO          400    i.SysTick_Handler   stm32f4xx_it.o
    0x080034e6   0x080034e6   0x00000002   PAD
    0x080034e8   0x080034e8   0x000000a4   Code   RO           20    i.SystemClock_Config  main.o
    0x0800358c   0x0800358c   0x00000010   Code   RO         2611    i.SystemInit        system_stm32f4xx.o
    0x0800359c   0x0800359c   0x0000010c   Code   RO         2308    i.UART_SetConfig    stm32f4xx_hal_uart.o
    0x080036a8   0x080036a8   0x00000064   Code   RO         2311    i.UART_WaitOnFlagUntilTimeout  stm32f4xx_hal_uart.o
    0x0800370c   0x0800370c   0x00000002   Code   RO          401    i.UsageFault_Handler  stm32f4xx_it.o
    0x0800370e   0x0800370e   0x00000002   PAD
    0x08003710   0x08003710   0x00000020   Code   RO         3643    i.__0printf         mc_w.l(printfa.o)
    0x08003730   0x08003730   0x00000028   Code   RO         3645    i.__0sprintf        mc_w.l(printfa.o)
    0x08003758   0x08003758   0x00000020   Code   RO         1335    i.__NVIC_SetPriority  stm32f4xx_hal_cortex.o
    0x08003778   0x08003778   0x0000000e   Code   RO         3719    i.__scatterload_copy  mc_w.l(handlers.o)
    0x08003786   0x08003786   0x00000002   Code   RO         3720    i.__scatterload_null  mc_w.l(handlers.o)
    0x08003788   0x08003788   0x0000000e   Code   RO         3721    i.__scatterload_zeroinit  mc_w.l(handlers.o)
    0x08003796   0x08003796   0x00000002   PAD
    0x08003798   0x08003798   0x00000184   Code   RO         3650    i._fp_digits        mc_w.l(printfa.o)
    0x0800391c   0x0800391c   0x000006dc   Code   RO         3651    i._printf_core      mc_w.l(printfa.o)
    0x08003ff8   0x08003ff8   0x00000024   Code   RO         3652    i._printf_post_padding  mc_w.l(printfa.o)
    0x0800401c   0x0800401c   0x0000002e   Code   RO         3653    i._printf_pre_padding  mc_w.l(printfa.o)
    0x0800404a   0x0800404a   0x0000000a   Code   RO         3655    i._sputc            mc_w.l(printfa.o)
    0x08004054   0x08004054   0x00000070   Code   RO         2939    i.check_fs          ff.o
    0x080040c4   0x080040c4   0x00000010   Code   RO         2940    i.chk_chr           ff.o
    0x080040d4   0x080040d4   0x0000005c   Code   RO         2941    i.chk_lock          ff.o
    0x08004130   0x08004130   0x00000020   Code   RO         2942    i.clear_lock        ff.o
    0x08004150   0x08004150   0x00000024   Code   RO         2943    i.clmt_clust        ff.o
    0x08004174   0x08004174   0x00000018   Code   RO         2944    i.clust2sect        ff.o
    0x0800418c   0x0800418c   0x00000080   Code   RO         2945    i.cmp_lfn           ff.o
    0x0800420c   0x0800420c   0x000000a4   Code   RO         2946    i.create_chain      ff.o
    0x080042b0   0x080042b0   0x00000244   Code   RO         2947    i.create_name       ff.o
    0x080044f4   0x080044f4   0x00000034   Code   RO         2948    i.dec_lock          ff.o
    0x08004528   0x08004528   0x000000d0   Code   RO         2949    i.dir_find          ff.o
    0x080045f8   0x080045f8   0x000000f4   Code   RO         2950    i.dir_next          ff.o
    0x080046ec   0x080046ec   0x000001e4   Code   RO         2952    i.dir_register      ff.o
    0x080048d0   0x080048d0   0x00000082   Code   RO         2954    i.dir_sdi           ff.o
    0x08004952   0x08004952   0x00000002   PAD
    0x08004954   0x08004954   0x00000028   Code   RO         2884    i.disk_initialize   diskio.o
    0x0800497c   0x0800497c   0x0000001c   Code   RO         2885    i.disk_ioctl        diskio.o
    0x08004998   0x08004998   0x0000001c   Code   RO         2886    i.disk_read         diskio.o
    0x080049b4   0x080049b4   0x00000018   Code   RO         2887    i.disk_status       diskio.o
    0x080049cc   0x080049cc   0x0000001c   Code   RO         2888    i.disk_write        diskio.o
    0x080049e8   0x080049e8   0x00000028   Code   RO         2955    i.f_close           ff.o
    0x08004a10   0x08004a10   0x00000212   Code   RO         2959    i.f_lseek           ff.o
    0x08004c22   0x08004c22   0x00000002   PAD
    0x08004c24   0x08004c24   0x00000058   Code   RO         2962    i.f_mount           ff.o
    0x08004c7c   0x08004c7c   0x00000214   Code   RO         2963    i.f_open            ff.o
    0x08004e90   0x08004e90   0x0000008e   Code   RO         2972    i.f_sync            ff.o
    0x08004f1e   0x08004f1e   0x0000018e   Code   RO         2975    i.f_write           ff.o
    0x080050ac   0x080050ac   0x0000004c   Code   RO         3374    i.ff_convert        cc936.o
    0x080050f8   0x080050f8   0x00000080   Code   RO         3375    i.ff_wtoupper       cc936.o
    0x08005178   0x08005178   0x00000254   Code   RO         2976    i.find_volume       ff.o
    0x080053cc   0x080053cc   0x00000074   Code   RO         2977    i.follow_path       ff.o
    0x08005440   0x08005440   0x00000018   Code   RO          345    i.fputc             usart.o
    0x08005458   0x08005458   0x0000008c   Code   RO         2978    i.gen_numname       ff.o
    0x080054e4   0x080054e4   0x000000be   Code   RO         2979    i.get_fat           ff.o
    0x080055a2   0x080055a2   0x00000004   Code   RO         2847    i.get_fattime       fatfs.o
    0x080055a6   0x080055a6   0x0000003c   Code   RO         2981    i.get_ldnumber      ff.o
    0x080055e2   0x080055e2   0x00000002   PAD
    0x080055e4   0x080055e4   0x00000080   Code   RO         2982    i.inc_lock          ff.o
    0x08005664   0x08005664   0x00000026   Code   RO         2983    i.ld_clust          ff.o
    0x0800568a   0x0800568a   0x00000016   Code   RO         2984    i.ld_dword          ff.o
    0x080056a0   0x080056a0   0x0000000a   Code   RO         2985    i.ld_word           ff.o
    0x080056aa   0x080056aa   0x00000002   PAD
    0x080056ac   0x080056ac   0x00000040   Code   RO           22    i.main              main.o
    0x080056ec   0x080056ec   0x00000012   Code   RO         2986    i.mem_cpy           ff.o
    0x080056fe   0x080056fe   0x00000002   PAD
    0x08005700   0x08005700   0x0000000e   Code   RO         2987    i.mem_set           ff.o
    0x0800570e   0x0800570e   0x00000032   Code   RO         2988    i.move_window       ff.o
    0x08005740   0x08005740   0x000000ea   Code   RO         2990    i.put_fat           ff.o
    0x0800582a   0x0800582a   0x00000074   Code   RO         2993    i.remove_chain      ff.o
    0x0800589e   0x0800589e   0x00000028   Code   RO         2994    i.st_clust          ff.o
    0x080058c6   0x080058c6   0x00000010   Code   RO         2995    i.st_dword          ff.o
    0x080058d6   0x080058d6   0x00000008   Code   RO         2996    i.st_word           ff.o
    0x080058de   0x080058de   0x0000001a   Code   RO         2997    i.sum_sfn           ff.o
    0x080058f8   0x080058f8   0x00000088   Code   RO         2998    i.sync_fs           ff.o
    0x08005980   0x08005980   0x00000052   Code   RO         2999    i.sync_window       ff.o
    0x080059d2   0x080059d2   0x00000034   Code   RO         3000    i.validate          ff.o
    0x08005a06   0x08005a06   0x00000002   PAD
    0x08005a08   0x08005a08   0x00000010   Data   RO           25    .constdata          main.o
    0x08005a18   0x08005a18   0x00000008   Data   RO         1034    .constdata          stm32f4xx_hal_dma.o
    0x08005a20   0x08005a20   0x00000010   Data   RO         2612    .constdata          system_stm32f4xx.o
    0x08005a30   0x08005a30   0x00000008   Data   RO         2613    .constdata          system_stm32f4xx.o
    0x08005a38   0x08005a38   0x00000014   Data   RO         2778    .constdata          sd_diskio.o
    0x08005a4c   0x08005a4c   0x0000002a   Data   RO         3002    .constdata          ff.o
    0x08005a76   0x08005a76   0x0002abb6   Data   RO         3376    .constdata          cc936.o
    0x0803062c   0x0803062c   0x0000005b   Data   RO           26    .conststring        main.o
    0x08030687   0x08030687   0x00000001   PAD
    0x08030688   0x08030688   0x00000030   Data   RO         3717    Region$$Table       anon$$obj.o


    Execution Region RW_IRAM2 (Exec base: 0x10000000, Load base: 0x080306b8, Size: 0x00005428, Max: 0x00010000, ABSOLUTE, COMPRESSED[0x00000110])

    Exec Addr    Load Addr    Size         Type   Attr      Idx    E Section Name        Object

    0x10000000   COMPRESSED   0x00004241   Data   RW           27    .data               main.o
    0x10004241   COMPRESSED   0x00000001   Data   RW          298    .data               sdio.o
    0x10004242   COMPRESSED   0x00000002   PAD
    0x10004244   COMPRESSED   0x0000000c   Data   RW         1481    .data               stm32f4xx_hal.o
    0x10004250   COMPRESSED   0x00000004   Data   RW         2614    .data               system_stm32f4xx.o
    0x10004254   COMPRESSED   0x0000000c   Data   RW         2779    .data               sd_diskio.o
    0x10004260   COMPRESSED   0x00000005   Data   RW         2850    .data               fatfs.o
    0x10004265   COMPRESSED   0x00000003   PAD
    0x10004268   COMPRESSED   0x00000008   Data   RW         3003    .data               ff.o
    0x10004270   COMPRESSED   0x00000004   Data   RW         3695    .data               mc_w.l(stdout.o)
    0x10004274        -       0x00000144   Zero   RW          297    .bss                sdio.o
    0x100043b8        -       0x00000044   Zero   RW          346    .bss                usart.o
    0x100043fc        -       0x00000020   Zero   RW         3001    .bss                ff.o
    0x1000441c        -       0x0000000c   Zero   RW         3304    .bss                ff_gen_drv.o
    0x10004428        -       0x00001000   Zero   RW            1    STACK               startup_stm32f427xx.o


    Execution Region RW_IRAM1 (Exec base: 0x20000000, Load base: 0x080306b8, Size: 0x00028748, Max: 0x00030000, ABSOLUTE)

    Exec Addr    Load Addr    Size         Type   Attr      Idx    E Section Name        Object

    0x20000000        -       0x00028748   Zero   RW           24    .bss                main.o


==============================================================================

Image component sizes


      Code (inc. data)   RO Data    RW Data    ZI Data      Debug   Object Name

       180         22          0          0          0       6042   bsp_driver_sd.o
       204         26     175030          0          0       2479   cc936.o
       148         22          0          0          0       3693   diskio.o
        60          4          0          0          0        770   dma.o
        32         10          0          5          0       1492   fatfs.o
      6124         92         42          8         32      43499   ff.o
        70          6          0          0         12       1615   ff_gen_drv.o
       216         16          0          0          0       1043   gpio.o
      1028        318        107      16961     165704     738989   main.o
       444         34         20         12          0       6425   sd_diskio.o
       952        378          0          1        324       2621   sdio.o
        36          8        428          0       4096        828   startup_stm32f427xx.o
       180         28          0         12          0       9505   stm32f4xx_hal.o
       198         14          0          0          0      33911   stm32f4xx_hal_cortex.o
       942         16          8          0          0       6993   stm32f4xx_hal_dma.o
       570         52          0          0          0       2188   stm32f4xx_hal_gpio.o
        48          6          0          0          0        842   stm32f4xx_hal_msp.o
       112         14          0          0          0       1276   stm32f4xx_hal_pwr_ex.o
      1348         76          0          0          0       5204   stm32f4xx_hal_rcc.o
      3072         70          0          0          0      17135   stm32f4xx_hal_sd.o
       644         10          0          0          0       4088   stm32f4xx_hal_uart.o
        56         18          0          0          0       5524   stm32f4xx_it.o
      1656         46          0          0          0      22835   stm32f4xx_ll_sdmmc.o
         0          0          0          0          0        532   syscall.o
        16          4         24          4          0       1111   system_stm32f4xx.o
       188         26          0          0         68       2240   usart.o

    ----------------------------------------------------------------------
     18558       1316     175708      17008     170236     922880   Object Totals
         0          0         48          0          0          0   (incl. Generated)
        34          0          1          5          0          0   (incl. Padding)

    ----------------------------------------------------------------------

      Code (inc. data)   RO Data    RW Data    ZI Data      Debug   Library Member Name

        94          0          0          0          0          0   __dclz77c.o
         0          0          0          0          0          0   entry.o
         0          0          0          0          0          0   entry10a.o
         0          0          0          0          0          0   entry11a.o
         8          4          0          0          0          0   entry2.o
         4          0          0          0          0          0   entry5.o
         0          0          0          0          0          0   entry7b.o
         0          0          0          0          0          0   entry8b.o
         8          4          0          0          0          0   entry9a.o
        30          0          0          0          0          0   handlers.o
        36          8          0          0          0         68   init.o
         0          0          0          0          0          0   iusefp.o
        30          0          0          0          0         68   llshl.o
        36          0          0          0          0         68   llsshr.o
        32          0          0          0          0         68   llushr.o
        36          0          0          0          0        108   memseta.o
      2308         96          0          0          0        604   printfa.o
         0          0          0          4          0          0   stdout.o
        44          0          0          0          0         80   uidiv.o
        98          0          0          0          0         92   uldiv.o
        48          0          0          0          0         68   cdrcmple.o
        56          0          0          0          0         88   d2f.o
       334          0          0          0          0        148   dadd.o
       222          0          0          0          0        100   ddiv.o
       186          0          0          0          0        176   depilogue.o
        48          0          0          0          0         68   dfixul.o
        26          0          0          0          0         76   dfltui.o
       228          0          0          0          0         96   dmul.o
        38          0          0          0          0         68   f2d.o
       110          0          0          0          0        168   fepilogue.o

    ----------------------------------------------------------------------
      4062        112          0          4          0       2212   Library Totals
         2          0          0          0          0          0   (incl. Padding)

    ----------------------------------------------------------------------

      Code (inc. data)   RO Data    RW Data    ZI Data      Debug   Library Name

      2764        112          0          4          0       1156   mc_w.l
      1296          0          0          0          0       1056   mf_w.l

    ----------------------------------------------------------------------
      4062        112          0          4          0       2212   Library Totals

    ----------------------------------------------------------------------

==============================================================================


      Code (inc. data)   RO Data    RW Data    ZI Data      Debug   

     22620       1428     175708      17012     170236     907584   Grand Totals
     22620       1428     175708        272     170236     907584   ELF Image Totals (compressed)
     22620       1428     175708        272          0          0   ROM Totals

==============================================================================

    Total RO  Size (Code + RO Data)               198328 ( 193.68kB)
    Total RW  Size (RW Data + ZI Data)            187248 ( 182.86kB)
    Total ROM Size (Code + RO Data + RW Data)     198600 ( 193.95kB)

==============================================================================

